<html>
<body>
<pre>
<h1>µVision Build Log</h1>
<h2>Tool Versions:</h2>
IDE-Version: µVision V5.37.0.0
Copyright (C) 2022 ARM Ltd and ARM Germany GmbH. All rights reserved.
License Information: Ilya Tyurin, TPU, LIC=----
 
Tool Versions:
Toolchain:       MDK-Lite  Version: 5.37.0.0
Toolchain Path:  C:\Keil_v5\ARM\ARMCLANG\Bin
C Compiler:      ArmClang.exe V6.18
Assembler:       Armasm.exe V6.18
Linker/Locator:  ArmLink.exe V6.18
Library Manager: ArmAr.exe V6.18
Hex Converter:   FromElf.exe V6.18
CPU DLL:         SARMCM3.DLL V5.37.0.0
Dialog DLL:      DCM.DLL V1.17.5.0
Target DLL:      UL2CM3.DLL V1.164.7.0
Dialog DLL:      TCM.DLL V1.56.1.0
 
<h2>Project:</h2>
D:\distr\Keil_Projects\keil-LW3\keil-LW3.uvprojx
Project File Date:  11/03/2022

<h2>Output:</h2>
*** Using Compiler 'V6.18', folder: 'C:\Keil_v5\ARM\ARMCLANG\Bin'
Build target 'Target 1'
temperature_sensor.c(2): warning: In file included from...
./temperature_sensor.h(19): warning: this function declaration is not a prototype [-Wstrict-prototypes]
void search_ROM();
               ^
                void
./temperature_sensor.h(20): warning: this function declaration is not a prototype [-Wstrict-prototypes]
void read_ROM();
             ^
              void
./temperature_sensor.h(21): warning: this function declaration is not a prototype [-Wstrict-prototypes]
void match_ROM();
              ^
               void
./temperature_sensor.h(22): warning: this function declaration is not a prototype [-Wstrict-prototypes]
void skip_ROM();
             ^
              void
./temperature_sensor.h(23): warning: this function declaration is not a prototype [-Wstrict-prototypes]
void alarm_search();
                 ^
                  void
./temperature_sensor.h(24): warning: this function declaration is not a prototype [-Wstrict-prototypes]
void convert_T();
              ^
               void
./temperature_sensor.h(25): warning: this function declaration is not a prototype [-Wstrict-prototypes]
void write_scratchpad();
                     ^
                      void
./temperature_sensor.h(26): warning: this function declaration is not a prototype [-Wstrict-prototypes]
void read_scratchpad();
                    ^
                     void
./temperature_sensor.h(27): warning: this function declaration is not a prototype [-Wstrict-prototypes]
void copy_scratchpad();
                    ^
                     void
./temperature_sensor.h(28): warning: this function declaration is not a prototype [-Wstrict-prototypes]
void recall_E_cube();
                  ^
                   void
./temperature_sensor.h(29): warning: this function declaration is not a prototype [-Wstrict-prototypes]
void read_power_supply();
                      ^
                       void
temperature_sensor.c(4): warning: implicit declaration of function 'srand' is invalid in C99 [-Wimplicit-function-declaration]
        srand(time(NULL));
        ^
temperature_sensor.c(5): warning: implicit declaration of function 'rand' is invalid in C99 [-Wimplicit-function-declaration]
        if(rand() % 2 == 1){
           ^
temperature_sensor.c(2): warning: In file included from...
./temperature_sensor.h(6): warning: padding size of 'struct temp_sense' with 1 byte to alignment boundary [-Wpadded]
typedef struct temp_sense{
               ^
temperature_sensor.c(22): warning: incompatible pointer types assigning to 'int64_t *' (aka 'long long *') from 'temp_sense *' (aka 'struct temp_sense *') [-Wincompatible-pointer-types]
  adress = ts;
         ^ ~~
temperature_sensor.c(23): warning: mixing declarations and code is incompatible with standards before C99 [-Wdeclaration-after-statement]
        int8_t crc = 0;
               ^
temperature_sensor.c(25): warning: comparison of integers of different signs: 'int' and 'unsigned int' [-Wsign-compare]
        for(int i = 2; i < sizeof(*adress) - 1; i++){
                       ~ ^ ~~~~~~~~~~~~~~~~~~~
temperature_sensor.c(31): warning: no previous prototype for function 'search_ROM' [-Wmissing-prototypes]
void search_ROM(){
     ^
./temperature_sensor.h(19): note: this declaration is not a prototype; add 'void' to make it a prototype for a zero-parameter function
void search_ROM();
     ^
                void
temperature_sensor.c(31): warning: this old-style function definition is not preceded by a prototype [-Wstrict-prototypes]
void search_ROM(){
               ^
temperature_sensor.c(35): warning: this function declaration is not a prototype [-Wstrict-prototypes]
void read_ROM();
             ^
              void
temperature_sensor.c(36): warning: this function declaration is not a prototype [-Wstrict-prototypes]
void match_ROM();
              ^
               void
temperature_sensor.c(37): warning: this function declaration is not a prototype [-Wstrict-prototypes]
void skip_ROM();
             ^
              void
temperature_sensor.c(38): warning: this function declaration is not a prototype [-Wstrict-prototypes]
void alarm_search();
                 ^
                  void
temperature_sensor.c(39): warning: this function declaration is not a prototype [-Wstrict-prototypes]
void convert_T();
              ^
               void
temperature_sensor.c(40): warning: this function declaration is not a prototype [-Wstrict-prototypes]
void write_scratchpad();
                     ^
                      void
temperature_sensor.c(41): warning: this function declaration is not a prototype [-Wstrict-prototypes]
void read_scratchpad();
                    ^
                     void
temperature_sensor.c(42): warning: this function declaration is not a prototype [-Wstrict-prototypes]
void copy_scratchpad();
                    ^
                     void
temperature_sensor.c(43): warning: this function declaration is not a prototype [-Wstrict-prototypes]
void recall_E_cube();
                  ^
                   void
temperature_sensor.c(44): warning: this function declaration is not a prototype [-Wstrict-prototypes]
void read_power_supply();
                      ^
                       void
29 warnings generated.
compiling temperature_sensor.c...
linking...
Program Size: Code=820 RO-data=992 RW-data=4 ZI-data=3812  
".\Objects\keil-LW3.axf" - 0 Error(s), 29 Warning(s).

<h2>Software Packages used:</h2>

Package Vendor: ARM
                http://www.keil.com/pack/ARM.CMSIS.5.9.0.pack
                ARM.CMSIS.5.9.0
                CMSIS (Common Microcontroller Software Interface Standard)
   * Component: CORE Version: 5.6.0
   * Component: Startup Variant: C Startup Version: 2.0.3

<h2>Collection of Component include folders:</h2>
  ./RTE/_Target_1
  D:/distr/Keil/ARM/CMSIS/5.9.0/CMSIS/Core/Include
  D:/distr/Keil/ARM/CMSIS/5.9.0/Device/ARM/ARMCM3/Include

<h2>Collection of Component Files used:</h2>

   * Component: ARM::CMSIS:CORE:5.6.0

   * Component: ARM::Device:Startup:C Startup:2.0.3
      Include file:  Device/ARM/ARMCM3/Include/ARMCM3.h
      Source file:   Device/ARM/ARMCM3/Source/startup_ARMCM3.c
      Source file:   Device/ARM/ARMCM3/Source/system_ARMCM3.c
Build Time Elapsed:  00:00:01
</pre>
</body>
</html>
