Component: Arm Compiler for Embedded 6.18 Tool: armlink [5e4cc100]

==============================================================================

Section Cross References

    main.o(.text.main) refers to sys_time.o(.text) for time
    main.o(.text.main) refers to rand.o(.text) for srand
    main.o(.text.main) refers to main.o(.text.initialize_double_mas) for initialize_double_mas
    main.o(.text.main) refers to main.o(.text.two_mas) for two_mas
    main.o(.text.main) refers to main.o(.text.change) for change
    main.o(.text.main) refers to main.o(.text.change2) for change2
    main.o(.text.main) refers to rand.o(.emb_text) for rand
    main.o(.text.main) refers to main.o(.text.func) for func
    main.o(.text.main) refers to main.o(.text.func_pow) for func_pow
    main.o(.text.main) refers to main.o(.text.arithmetic_mean) for arithmetic_mean
    main.o(.text.main) refers to main.o(.text.arithmetic_mean_pointer) for arithmetic_mean_pointer
    main.o(.ARM.exidx.text.main) refers to main.o(.text.main) for [Anonymous Symbol]
    main.o(.text.initialize_double_mas) refers to h1_alloc.o(.text) for malloc
    main.o(.ARM.exidx.text.initialize_double_mas) refers to main.o(.text.initialize_double_mas) for [Anonymous Symbol]
    main.o(.text.two_mas) refers to h1_alloc.o(.text) for malloc
    main.o(.text.two_mas) refers to rand.o(.emb_text) for rand
    main.o(.ARM.exidx.text.two_mas) refers to main.o(.text.two_mas) for [Anonymous Symbol]
    main.o(.text.change) refers to main.o(.text.initialize_double_mas) for initialize_double_mas
    main.o(.text.change) refers to rand.o(.emb_text) for rand
    main.o(.ARM.exidx.text.change) refers to main.o(.text.change) for [Anonymous Symbol]
    main.o(.text.change2) refers to main.o(.text.initialize_double_mas) for initialize_double_mas
    main.o(.text.change2) refers to rand.o(.emb_text) for rand
    main.o(.ARM.exidx.text.change2) refers to main.o(.text.change2) for [Anonymous Symbol]
    main.o(.text.func_pow) refers to fflt_clz.o(x$fpl$fflt) for __aeabi_i2f
    main.o(.text.func_pow) refers to powf.o(i.powf) for powf
    main.o(.ARM.exidx.text.func_pow) refers to main.o(.text.func_pow) for [Anonymous Symbol]
    main.o(.text.func) refers to faddsub_clz.o(x$fpl$fsub) for __aeabi_fsub
    main.o(.text.func) refers to powf.o(i.powf) for powf
    main.o(.text.func) refers to fdiv.o(x$fpl$fdiv) for __aeabi_fdiv
    main.o(.text.func) refers to faddsub_clz.o(x$fpl$fadd) for __aeabi_fadd
    main.o(.text.func) refers to fmul.o(x$fpl$fmul) for __aeabi_fmul
    main.o(.ARM.exidx.text.func) refers to main.o(.text.func) for [Anonymous Symbol]
    main.o(.ARM.exidx.text.arithmetic_mean) refers to main.o(.text.arithmetic_mean) for [Anonymous Symbol]
    main.o(.ARM.exidx.text.arithmetic_mean_pointer) refers to main.o(.text.arithmetic_mean_pointer) for [Anonymous Symbol]
    startup_armcm3.o(.ARM.exidx.text.Default_Handler) refers to startup_armcm3.o(.text.Default_Handler) for [Anonymous Symbol]
    startup_armcm3.o(.text.Reset_Handler) refers to system_armcm3.o(.text.SystemInit) for SystemInit
    startup_armcm3.o(.text.Reset_Handler) refers to __main.o(!!!main) for __main
    startup_armcm3.o(.ARM.exidx.text.Reset_Handler) refers to startup_armcm3.o(.text.Reset_Handler) for [Anonymous Symbol]
    startup_armcm3.o(.ARM.exidx.text.HardFault_Handler) refers to startup_armcm3.o(.text.HardFault_Handler) for [Anonymous Symbol]
    startup_armcm3.o(RESET) refers to startup_armcm3.o(.text.Reset_Handler) for Reset_Handler
    startup_armcm3.o(RESET) refers to startup_armcm3.o(.text.Default_Handler) for NMI_Handler
    startup_armcm3.o(RESET) refers to startup_armcm3.o(.text.HardFault_Handler) for HardFault_Handler
    system_armcm3.o(.text.SystemCoreClockUpdate) refers to system_armcm3.o(.data.SystemCoreClock) for SystemCoreClock
    system_armcm3.o(.ARM.exidx.text.SystemCoreClockUpdate) refers to system_armcm3.o(.text.SystemCoreClockUpdate) for [Anonymous Symbol]
    system_armcm3.o(.text.SystemInit) refers to startup_armcm3.o(RESET) for __Vectors
    system_armcm3.o(.text.SystemInit) refers to system_armcm3.o(.data.SystemCoreClock) for SystemCoreClock
    system_armcm3.o(.ARM.exidx.text.SystemInit) refers to system_armcm3.o(.text.SystemInit) for [Anonymous Symbol]
    sys_time.o(.text) refers (Special) to use_no_semi.o(.text) for __I$use$semihosting
    sys_time.o(.text) refers (Special) to indicate_semi.o(.text) for __semihosting_library_function
    sys_time_hlt.o(.text) refers (Special) to use_no_semi.o(.text) for __I$use$semihosting
    sys_time_hlt.o(.text) refers (Special) to indicate_semi.o(.text) for __semihosting_library_function
    malloc.o(.text) refers (Special) to hguard.o(.text) for __heap$guard
    malloc.o(.text) refers (Special) to init_alloc.o(.text) for _init_alloc
    malloc.o(.text) refers to rt_heap_descriptor_intlibspace.o(.text) for __rt_heap_descriptor
    malloc.o(.text) refers to heapstubs.o(.text) for __Heap_Alloc
    h1_alloc.o(.text) refers (Special) to h1_init.o(.text) for __Heap_Initialize
    h1_alloc.o(.text) refers to rt_heap_descriptor_intlibspace.o(.text) for __rt_heap_descriptor
    h1_alloc.o(.text) refers to init_alloc.o(.text) for __Heap_Full
    h1_alloc_threads.o(.text) refers (Special) to h1_init.o(.text) for __Heap_Initialize
    h1_alloc_threads.o(.text) refers to init_alloc.o(.text) for __Heap_Full
    h1_alloc_threads.o(.text) refers to rt_heap_descriptor_intlibspace.o(.text) for __rt_heap_descriptor
    heap2.o(i._FDIterate) refers to heap2.o(.conststring) for .conststring
    heap2.o(i.__Heap_ProvideMemory$realtime) refers to fdtree.o(i._FDTree_Delete) for _FDTree_Delete
    heap2.o(i.__Heap_ProvideMemory$realtime) refers to fdtree.o(i._FDTree_Insert) for _FDTree_Insert
    heap2.o(i.__Heap_Stats$realtime) refers to heap2.o(i._Heap2_StatsIterate) for _Heap2_StatsIterate
    heap2.o(i.__Heap_Valid$realtime) refers to heap2.o(i._FDIterate) for _FDIterate
    heap2.o(i.__Heap_Valid$realtime) refers to heap2.o(.conststring) for .conststring
    heap2.o(i.free$realtime) refers to rt_heap_descriptor_intlibspace.o(.text) for __rt_heap_descriptor
    heap2.o(i.free$realtime) refers to fdtree.o(i._FDTree_Delete) for _FDTree_Delete
    heap2.o(i.free$realtime) refers to fdtree.o(i._FDTree_Insert) for _FDTree_Insert
    heap2.o(i.malloc$realtime) refers to rt_heap_descriptor_intlibspace.o(.text) for __rt_heap_descriptor
    heap2.o(i.malloc$realtime) refers to fdtree.o(i._FDTree_FindFirst) for _FDTree_FindFirst
    heap2.o(i.malloc$realtime) refers to init_alloc.o(.text) for __Heap_Full
    heap2.o(i.malloc$realtime) refers to fdtree.o(i._FDTree_RemoveNode) for _FDTree_RemoveNode
    heap2.o(i.malloc$realtime) refers to fdtree.o(i._FDTree_Insert) for _FDTree_Insert
    heap2.o(i.posix_memalign$realtime) refers to rt_heap_descriptor_intlibspace.o(.text) for __rt_heap_descriptor
    heap2.o(i.posix_memalign$realtime) refers to fdtree.o(i._FDTree_FindFirst) for _FDTree_FindFirst
    heap2.o(i.posix_memalign$realtime) refers to init_alloc.o(.text) for __Heap_Full
    heap2.o(i.posix_memalign$realtime) refers to fdtree.o(i._FDTree_RemoveNode) for _FDTree_RemoveNode
    heap2.o(i.posix_memalign$realtime) refers to fdtree.o(i._FDTree_Insert) for _FDTree_Insert
    heap2.o(i.realloc$realtime) refers to rt_heap_descriptor_intlibspace.o(.text) for __rt_heap_descriptor
    heap2.o(i.realloc$realtime) refers to fdtree.o(i._FDTree_Insert) for _FDTree_Insert
    heap2.o(i.realloc$realtime) refers to h1_free.o(.text) for free
    heap2.o(i.realloc$realtime) refers to h1_alloc.o(.text) for malloc
    heap2.o(i.realloc$realtime) refers to fdtree.o(i._FDTree_Delete) for _FDTree_Delete
    heap2.o(i.realloc$realtime) refers to rt_memcpy_w.o(.text) for __aeabi_memcpy4
    heap2_threads.o(i._FDIterate) refers to heap2_threads.o(.conststring) for .conststring
    heap2_threads.o(i.__Heap_Initialize$realtime$concurrent) refers to mutex_dummy.o(.text) for _mutex_initialize
    heap2_threads.o(i.__Heap_ProvideMemory$realtime$concurrent) refers to fdtree.o(i._FDTree_Delete) for _FDTree_Delete
    heap2_threads.o(i.__Heap_ProvideMemory$realtime$concurrent) refers to fdtree.o(i._FDTree_Insert) for _FDTree_Insert
    heap2_threads.o(i.__Heap_Stats$realtime$concurrent) refers to heap2_threads.o(i._Heap2_StatsIterate) for _Heap2_StatsIterate
    heap2_threads.o(i.__Heap_Valid$realtime$concurrent) refers to heap2_threads.o(i._FDIterate) for _FDIterate
    heap2_threads.o(i.__Heap_Valid$realtime$concurrent) refers to heap2_threads.o(.conststring) for .conststring
    heap2_threads.o(i.free$realtime$concurrent) refers to rt_heap_descriptor_intlibspace.o(.text) for __rt_heap_descriptor
    heap2_threads.o(i.free$realtime$concurrent) refers to fdtree.o(i._FDTree_Delete) for _FDTree_Delete
    heap2_threads.o(i.free$realtime$concurrent) refers to fdtree.o(i._FDTree_Insert) for _FDTree_Insert
    heap2_threads.o(i.malloc$realtime$concurrent) refers to rt_heap_descriptor_intlibspace.o(.text) for __rt_heap_descriptor
    heap2_threads.o(i.malloc$realtime$concurrent) refers to fdtree.o(i._FDTree_FindFirst) for _FDTree_FindFirst
    heap2_threads.o(i.malloc$realtime$concurrent) refers to init_alloc.o(.text) for __Heap_Full
    heap2_threads.o(i.malloc$realtime$concurrent) refers to fdtree.o(i._FDTree_RemoveNode) for _FDTree_RemoveNode
    heap2_threads.o(i.malloc$realtime$concurrent) refers to fdtree.o(i._FDTree_Insert) for _FDTree_Insert
    heap2_threads.o(i.posix_memalign$realtime$concurrent) refers to rt_heap_descriptor_intlibspace.o(.text) for __rt_heap_descriptor
    heap2_threads.o(i.posix_memalign$realtime$concurrent) refers to fdtree.o(i._FDTree_FindFirst) for _FDTree_FindFirst
    heap2_threads.o(i.posix_memalign$realtime$concurrent) refers to init_alloc.o(.text) for __Heap_Full
    heap2_threads.o(i.posix_memalign$realtime$concurrent) refers to fdtree.o(i._FDTree_RemoveNode) for _FDTree_RemoveNode
    heap2_threads.o(i.posix_memalign$realtime$concurrent) refers to fdtree.o(i._FDTree_Insert) for _FDTree_Insert
    heap2_threads.o(i.realloc$realtime$concurrent) refers to rt_heap_descriptor_intlibspace.o(.text) for __rt_heap_descriptor
    heap2_threads.o(i.realloc$realtime$concurrent) refers to fdtree.o(i._FDTree_Insert) for _FDTree_Insert
    heap2_threads.o(i.realloc$realtime$concurrent) refers to h1_free.o(.text) for free
    heap2_threads.o(i.realloc$realtime$concurrent) refers to h1_alloc.o(.text) for malloc
    heap2_threads.o(i.realloc$realtime$concurrent) refers to fdtree.o(i._FDTree_Delete) for _FDTree_Delete
    heap2_threads.o(i.realloc$realtime$concurrent) refers to rt_memcpy_w.o(.text) for __aeabi_memcpy4
    rand.o(.emb_text) refers (Special) to libinit2.o(.ARM.Collect$$libinit$$0000000F) for __rt_lib_init_rand_2
    rand.o(.emb_text) refers to rand.o(.text) for _rand_init
    rand.o(.emb_text) refers to rand.o(.bss) for _random_number_data
    rand.o(.text) refers (Special) to libinit2.o(.ARM.Collect$$libinit$$0000000F) for __rt_lib_init_rand_2
    rand.o(.text) refers to rand.o(.bss) for .bss
    rand.o(.bss) refers (Special) to libinit2.o(.ARM.Collect$$libinit$$0000000F) for __rt_lib_init_rand_2
    __main.o(!!!main) refers to __rtentry.o(.ARM.Collect$$rtentry$$00000000) for __rt_entry
    faddsub_clz.o(x$fpl$fadd) refers (Special) to usenofp.o(x$fpl$usenofp) for __I$use$fp
    faddsub_clz.o(x$fpl$fadd) refers to faddsub_clz.o(x$fpl$fsub) for _fsub1
    faddsub_clz.o(x$fpl$fadd) refers to fretinf.o(x$fpl$fretinf) for __fpl_fretinf
    faddsub_clz.o(x$fpl$fadd) refers to fnaninf.o(x$fpl$fnaninf) for __fpl_fnaninf
    faddsub_clz.o(x$fpl$frsb) refers (Special) to usenofp.o(x$fpl$usenofp) for __I$use$fp
    faddsub_clz.o(x$fpl$frsb) refers to faddsub_clz.o(x$fpl$fadd) for _fadd1
    faddsub_clz.o(x$fpl$frsb) refers to faddsub_clz.o(x$fpl$fsub) for _fsub1
    faddsub_clz.o(x$fpl$fsub) refers (Special) to usenofp.o(x$fpl$usenofp) for __I$use$fp
    faddsub_clz.o(x$fpl$fsub) refers to faddsub_clz.o(x$fpl$fadd) for _fadd1
    faddsub_clz.o(x$fpl$fsub) refers to fnaninf.o(x$fpl$fnaninf) for __fpl_fnaninf
    fdiv.o(x$fpl$frdiv) refers (Special) to usenofp.o(x$fpl$usenofp) for __I$use$fp
    fdiv.o(x$fpl$frdiv) refers to fdiv.o(x$fpl$fdiv) for _fdiv1
    fdiv.o(x$fpl$fdiv) refers (Special) to usenofp.o(x$fpl$usenofp) for __I$use$fp
    fdiv.o(x$fpl$fdiv) refers to fretinf.o(x$fpl$fretinf) for __fpl_fretinf
    fdiv.o(x$fpl$fdiv) refers to fnaninf.o(x$fpl$fnaninf) for __fpl_fnaninf
    fflt_clz.o(x$fpl$ffltu) refers (Special) to usenofp.o(x$fpl$usenofp) for __I$use$fp
    fflt_clz.o(x$fpl$fflt) refers (Special) to usenofp.o(x$fpl$usenofp) for __I$use$fp
    fflt_clz.o(x$fpl$ffltn) refers (Special) to usenofp.o(x$fpl$usenofp) for __I$use$fp
    fmul.o(x$fpl$fmul) refers (Special) to usenofp.o(x$fpl$usenofp) for __I$use$fp
    fmul.o(x$fpl$fmul) refers to fretinf.o(x$fpl$fretinf) for __fpl_fretinf
    fmul.o(x$fpl$fmul) refers to fnaninf.o(x$fpl$fnaninf) for __fpl_fnaninf
    powf.o(i.__softfp_powf) refers (Special) to usenofp.o(x$fpl$usenofp) for __I$use$fp
    powf.o(i.__softfp_powf) refers to powf.o(i.powf) for powf
    powf.o(i.powf) refers (Special) to usenofp.o(x$fpl$usenofp) for __I$use$fp
    powf.o(i.powf) refers to fflt_clz.o(x$fpl$fflt) for __aeabi_i2f
    powf.o(i.powf) refers to scalbnf.o(x$fpl$scalbnf) for __ARM_scalbnf
    powf.o(i.powf) refers to faddsub_clz.o(x$fpl$fadd) for __aeabi_fadd
    powf.o(i.powf) refers to faddsub_clz.o(x$fpl$fsub) for __aeabi_fsub
    powf.o(i.powf) refers to fdiv.o(x$fpl$fdiv) for __aeabi_fdiv
    powf.o(i.powf) refers to fmul.o(x$fpl$fmul) for __aeabi_fmul
    powf.o(i.powf) refers to faddsub_clz.o(x$fpl$frsb) for __aeabi_frsub
    powf.o(i.powf) refers to ffix.o(x$fpl$ffixr) for _ffix_r
    powf.o(i.powf) refers to fpclassifyf.o(i.__ARM_fpclassifyf) for __ARM_fpclassifyf
    powf.o(i.powf) refers to funder.o(i.__mathlib_flt_underflow) for __mathlib_flt_underflow
    powf.o(i.powf) refers to _rserrno.o(.text) for __set_errno
    powf.o(i.powf) refers to funder.o(i.__mathlib_flt_overflow) for __mathlib_flt_overflow
    powf.o(i.powf) refers to funder.o(i.__mathlib_flt_invalid) for __mathlib_flt_invalid
    powf.o(i.powf) refers to powf.o(.constdata) for .constdata
    powf.o(i.powf) refers to funder.o(i.__mathlib_flt_infnan2) for __mathlib_flt_infnan2
    powf.o(i.powf) refers to funder.o(i.__mathlib_flt_divzero) for __mathlib_flt_divzero
    powf.o(.constdata) refers (Special) to usenofp.o(x$fpl$usenofp) for __I$use$fp
    __rtentry.o(.ARM.Collect$$rtentry$$00000000) refers (Special) to __rtentry2.o(.ARM.Collect$$rtentry$$0000000A) for __rt_entry_li
    __rtentry.o(.ARM.Collect$$rtentry$$00000000) refers (Special) to __rtentry2.o(.ARM.Collect$$rtentry$$0000000D) for __rt_entry_main
    __rtentry.o(.ARM.Collect$$rtentry$$00000000) refers (Special) to __rtentry2.o(.ARM.Collect$$rtentry$$0000000C) for __rt_entry_postli_1
    __rtentry.o(.ARM.Collect$$rtentry$$00000000) refers (Special) to __rtentry2.o(.ARM.Collect$$rtentry$$00000009) for __rt_entry_postsh_1
    __rtentry.o(.ARM.Collect$$rtentry$$00000000) refers (Special) to __rtentry2.o(.ARM.Collect$$rtentry$$00000002) for __rt_entry_presh_1
    __rtentry.o(.ARM.Collect$$rtentry$$00000000) refers (Special) to __rtentry7.o(.ARM.Collect$$rtentry$$00000007) for __rt_entry_sh
    rt_heap_descriptor.o(.text) refers to rt_heap_descriptor.o(.bss) for __rt_heap_descriptor_data
    rt_heap_descriptor_intlibspace.o(.text) refers to libspace.o(.bss) for __libspace_start
    init_alloc.o(.text) refers (Special) to hguard.o(.text) for __heap$guard
    init_alloc.o(.text) refers (Special) to libinit5.o(.ARM.Collect$$libinit$$0000000A) for __rt_lib_init_heap_2
    init_alloc.o(.text) refers (Special) to maybetermalloc1.o(.text) for _maybe_terminate_alloc
    init_alloc.o(.text) refers to h1_extend.o(.text) for __Heap_ProvideMemory
    init_alloc.o(.text) refers to defsig_rtmem_outer.o(.text) for __rt_SIGRTMEM
    init_alloc.o(.text) refers to rt_heap_descriptor_intlibspace.o(.text) for __rt_heap_descriptor
    init_alloc.o(.text) refers to h1_init.o(.text) for __Heap_Initialize
    free.o(.text) refers (Special) to hguard.o(.text) for __heap$guard
    free.o(.text) refers to rt_heap_descriptor_intlibspace.o(.text) for __rt_heap_descriptor
    free.o(.text) refers to heapstubs.o(.text) for __Heap_Free
    h1_free.o(.text) refers to rt_heap_descriptor_intlibspace.o(.text) for __rt_heap_descriptor
    h1_init_threads.o(.text) refers to mutex_dummy.o(.text) for _mutex_initialize
    h1_free_threads.o(.text) refers to rt_heap_descriptor_intlibspace.o(.text) for __rt_heap_descriptor
    _rserrno.o(.text) refers to rt_errno_addr_intlibspace.o(.text) for __aeabi_errno_addr
    _get_argv.o(.text) refers (Special) to hrguard.o(.text) for __heap_region$guard
    _get_argv.o(.text) refers to h1_alloc.o(.text) for malloc
    _get_argv.o(.text) refers to defsig_rtmem_outer.o(.text) for __rt_SIGRTMEM
    _get_argv.o(.text) refers to sys_command.o(.text) for _sys_command_string
    libinit2.o(.ARM.Collect$$libinit$$00000007) refers (Weak) to init_alloc.o(.text) for _init_alloc
    libinit2.o(.ARM.Collect$$libinit$$0000000F) refers (Weak) to rand.o(.text) for _rand_init
    libinit2.o(.ARM.Collect$$libinit$$00000012) refers to libinit2.o(.ARM.Collect$$libinit$$00000011) for .ARM.Collect$$libinit$$00000011
    libinit2.o(.ARM.Collect$$libinit$$00000014) refers to libinit2.o(.ARM.Collect$$libinit$$00000011) for .ARM.Collect$$libinit$$00000011
    libinit2.o(.ARM.Collect$$libinit$$00000016) refers to libinit2.o(.ARM.Collect$$libinit$$00000011) for .ARM.Collect$$libinit$$00000011
    libinit2.o(.ARM.Collect$$libinit$$00000018) refers to libinit2.o(.ARM.Collect$$libinit$$00000011) for .ARM.Collect$$libinit$$00000011
    libinit2.o(.ARM.Collect$$libinit$$0000001A) refers to libinit2.o(.ARM.Collect$$libinit$$00000011) for .ARM.Collect$$libinit$$00000011
    libinit2.o(.ARM.Collect$$libinit$$00000028) refers to argv_veneer.o(.emb_text) for __ARM_argv_veneer
    libinit2.o(.ARM.Collect$$libinit$$00000029) refers to argv_veneer.o(.emb_text) for __ARM_argv_veneer
    ffix.o(x$fpl$ffix) refers (Special) to usenofp.o(x$fpl$usenofp) for __I$use$fp
    ffix.o(x$fpl$ffix) refers to fnaninf.o(x$fpl$fnaninf) for __fpl_fnaninf
    ffix.o(x$fpl$ffixr) refers (Special) to usenofp.o(x$fpl$usenofp) for __I$use$fp
    ffix.o(x$fpl$ffixr) refers to fnaninf.o(x$fpl$fnaninf) for __fpl_fnaninf
    fnaninf.o(x$fpl$fnaninf) refers (Special) to usenofp.o(x$fpl$usenofp) for __I$use$fp
    fretinf.o(x$fpl$fretinf) refers (Special) to usenofp.o(x$fpl$usenofp) for __I$use$fp
    istatus.o(x$fpl$ieeestatus) refers (Special) to usenofp.o(x$fpl$usenofp) for __I$use$fp
    scalbnf.o(x$fpl$scalbnf) refers (Special) to usenofp.o(x$fpl$usenofp) for __I$use$fp
    scalbnf.o(x$fpl$scalbnf) refers to fcheck1.o(x$fpl$fcheck1) for __fpl_fcheck_NaN1
    fpclassifyf.o(i.__ARM_fpclassifyf) refers (Special) to usenofp.o(x$fpl$usenofp) for __I$use$fp
    funder.o(i.__mathlib_flt_divzero) refers to fdiv.o(x$fpl$fdiv) for __aeabi_fdiv
    funder.o(i.__mathlib_flt_infnan) refers to scalbnf.o(x$fpl$scalbnf) for __ARM_scalbnf
    funder.o(i.__mathlib_flt_infnan2) refers to faddsub_clz.o(x$fpl$fadd) for __aeabi_fadd
    funder.o(i.__mathlib_flt_invalid) refers to fdiv.o(x$fpl$fdiv) for __aeabi_fdiv
    funder.o(i.__mathlib_flt_overflow) refers to scalbnf.o(x$fpl$scalbnf) for __ARM_scalbnf
    funder.o(i.__mathlib_flt_posinfnan) refers to fmul.o(x$fpl$fmul) for __aeabi_fmul
    funder.o(i.__mathlib_flt_underflow) refers to scalbnf.o(x$fpl$scalbnf) for __ARM_scalbnf
    sys_command.o(.text) refers (Special) to use_no_semi.o(.text) for __I$use$semihosting
    sys_command.o(.text) refers (Special) to indicate_semi.o(.text) for __semihosting_library_function
    sys_command_hlt.o(.text) refers (Special) to use_no_semi.o(.text) for __I$use$semihosting
    sys_command_hlt.o(.text) refers (Special) to indicate_semi.o(.text) for __semihosting_library_function
    libspace.o(.text) refers to libspace.o(.bss) for __libspace_start
    __rtentry2.o(.ARM.Collect$$rtentry$$00000008) refers to boardinit2.o(.text) for _platform_post_stackheap_init
    __rtentry2.o(.ARM.Collect$$rtentry$$0000000A) refers to libinit.o(.ARM.Collect$$libinit$$00000000) for __rt_lib_init
    __rtentry2.o(.ARM.Collect$$rtentry$$0000000B) refers to boardinit3.o(.text) for _platform_post_lib_init
    __rtentry2.o(.ARM.Collect$$rtentry$$0000000D) refers to main.o(.text.main) for main
    __rtentry2.o(.ARM.Collect$$rtentry$$0000000D) refers to exit.o(.text) for exit
    __rtentry2.o(.ARM.exidx) refers to __rtentry2.o(.ARM.Collect$$rtentry$$00000001) for .ARM.Collect$$rtentry$$00000001
    __rtentry2.o(.ARM.exidx) refers to __rtentry2.o(.ARM.Collect$$rtentry$$00000008) for .ARM.Collect$$rtentry$$00000008
    __rtentry2.o(.ARM.exidx) refers to __rtentry2.o(.ARM.Collect$$rtentry$$0000000A) for .ARM.Collect$$rtentry$$0000000A
    __rtentry2.o(.ARM.exidx) refers to __rtentry2.o(.ARM.Collect$$rtentry$$0000000B) for .ARM.Collect$$rtentry$$0000000B
    __rtentry2.o(.ARM.exidx) refers to __rtentry2.o(.ARM.Collect$$rtentry$$0000000D) for .ARM.Collect$$rtentry$$0000000D
    __rtentry4.o(.ARM.Collect$$rtentry$$00000004) refers to sys_stackheap_outer.o(.text) for __user_setup_stackheap
    __rtentry4.o(.ARM.exidx) refers to __rtentry4.o(.ARM.Collect$$rtentry$$00000004) for .ARM.Collect$$rtentry$$00000004
    __rtentry7.o(.ARM.Collect$$rtentry$$00000007) refers to __rtentry7.o(.ARM.Collect$$rtentry$$00002718) for __lit__00000000
    __rtentry7.o(__vectab_stack_and_reset_2_area) refers to __main.o(!!!main) for __main
    __rtentry7.o(.ARM.exidx) refers to __rtentry7.o(.ARM.Collect$$rtentry$$00000007) for .ARM.Collect$$rtentry$$00000007
    __rtentry7.o(.ARM.exidx) refers to __rtentry7.o(.ARM.Collect$$rtentry$$00002718) for .ARM.Collect$$rtentry$$00002718
    rt_errno_addr.o(.text) refers to rt_errno_addr.o(.bss) for __aeabi_errno_addr_data
    rt_errno_addr_intlibspace.o(.text) refers to libspace.o(.bss) for __libspace_start
    maybetermalloc2.o(.text) refers (Special) to term_alloc.o(.text) for _terminate_alloc
    h1_extend.o(.text) refers to h1_free.o(.text) for free
    h1_extend_threads.o(.text) refers to h1_free_threads.o(.text) for free_internal$concurrent
    defsig_rtmem_outer.o(.text) refers to defsig_rtmem_inner.o(.text) for __rt_SIGRTMEM_inner
    defsig_rtmem_outer.o(.text) refers to defsig_exit.o(.text) for __sig_exit
    defsig_rtmem_formal.o(.text) refers to rt_raise.o(.text) for __rt_raise
    heapauxa.o(.text) refers to heapauxa.o(.data) for .data
    argv_veneer.o(.emb_text) refers to no_argv.o(.text) for __ARM_get_argv
    fcheck1.o(x$fpl$fcheck1) refers (Special) to usenofp.o(x$fpl$usenofp) for __I$use$fp
    fcheck1.o(x$fpl$fcheck1) refers to retnan.o(x$fpl$retnan) for __fpl_return_NaN
    sys_stackheap_outer.o(.text) refers to libspace.o(.text) for __user_perproc_libspace
    sys_stackheap_outer.o(.text) refers to sys_stackheap.o(.text) for __user_initial_stackheap
    rt_raise.o(.text) refers to __raise.o(.text) for __raise
    rt_raise.o(.text) refers to sys_exit.o(.text) for _sys_exit
    term_alloc.o(.text) refers (Special) to libshutdown2.o(.ARM.Collect$$libshutdown$$0000000E) for __rt_lib_shutdown_heap_2
    term_alloc.o(.text) refers to rt_heap_descriptor_intlibspace.o(.text) for __rt_heap_descriptor
    term_alloc.o(.text) refers to h1_final.o(.text) for __Heap_Finalize
    exit.o(.text) refers to rtexit.o(.ARM.Collect$$rtexit$$00000000) for __rt_exit
    defsig_exit.o(.text) refers to sys_exit.o(.text) for _sys_exit
    defsig_rtmem_inner.o(.text) refers to defsig_general.o(.text) for __default_signal_display
    _get_argv_nomalloc.o(.text) refers (Special) to hrguard.o(.text) for __heap_region$guard
    _get_argv_nomalloc.o(.text) refers to defsig_rtmem_outer.o(.text) for __rt_SIGRTMEM
    _get_argv_nomalloc.o(.text) refers to sys_command.o(.text) for _sys_command_string
    libinit.o(.ARM.Collect$$libinit$$00000000) refers (Special) to libinit2.o(.ARM.Collect$$libinit$$00000030) for __rt_lib_init_alloca_1
    libinit.o(.ARM.Collect$$libinit$$00000000) refers (Special) to libinit2.o(.ARM.Collect$$libinit$$0000002E) for __rt_lib_init_argv_1
    libinit.o(.ARM.Collect$$libinit$$00000000) refers (Special) to libinit2.o(.ARM.Collect$$libinit$$0000001D) for __rt_lib_init_atexit_1
    libinit.o(.ARM.Collect$$libinit$$00000000) refers (Special) to libinit2.o(.ARM.Collect$$libinit$$00000023) for __rt_lib_init_clock_1
    libinit.o(.ARM.Collect$$libinit$$00000000) refers (Special) to libinit2.o(.ARM.Collect$$libinit$$00000034) for __rt_lib_init_cpp_1
    libinit.o(.ARM.Collect$$libinit$$00000000) refers (Special) to libinit2.o(.ARM.Collect$$libinit$$00000032) for __rt_lib_init_exceptions_1
    libinit.o(.ARM.Collect$$libinit$$00000000) refers (Special) to libinit2.o(.ARM.Collect$$libinit$$00000002) for __rt_lib_init_fp_1
    libinit.o(.ARM.Collect$$libinit$$00000000) refers (Special) to libinit2.o(.ARM.Collect$$libinit$$00000021) for __rt_lib_init_fp_trap_1
    libinit.o(.ARM.Collect$$libinit$$00000000) refers (Special) to libinit2.o(.ARM.Collect$$libinit$$00000025) for __rt_lib_init_getenv_1
    libinit.o(.ARM.Collect$$libinit$$00000000) refers (Special) to libinit2.o(.ARM.Collect$$libinit$$0000000C) for __rt_lib_init_heap_1
    libinit.o(.ARM.Collect$$libinit$$00000000) refers (Special) to libinit2.o(.ARM.Collect$$libinit$$00000013) for __rt_lib_init_lc_collate_1
    libinit.o(.ARM.Collect$$libinit$$00000000) refers (Special) to libinit2.o(.ARM.Collect$$libinit$$00000015) for __rt_lib_init_lc_ctype_1
    libinit.o(.ARM.Collect$$libinit$$00000000) refers (Special) to libinit2.o(.ARM.Collect$$libinit$$00000017) for __rt_lib_init_lc_monetary_1
    libinit.o(.ARM.Collect$$libinit$$00000000) refers (Special) to libinit2.o(.ARM.Collect$$libinit$$00000019) for __rt_lib_init_lc_numeric_1
    libinit.o(.ARM.Collect$$libinit$$00000000) refers (Special) to libinit2.o(.ARM.Collect$$libinit$$0000001B) for __rt_lib_init_lc_time_1
    libinit.o(.ARM.Collect$$libinit$$00000000) refers (Special) to libinit2.o(.ARM.Collect$$libinit$$00000006) for __rt_lib_init_preinit_1
    libinit.o(.ARM.Collect$$libinit$$00000000) refers (Special) to libinit2.o(.ARM.Collect$$libinit$$00000010) for __rt_lib_init_rand_1
    libinit.o(.ARM.Collect$$libinit$$00000000) refers (Special) to libinit2.o(.ARM.Collect$$libinit$$00000004) for __rt_lib_init_relocate_pie_1
    libinit.o(.ARM.Collect$$libinit$$00000000) refers (Special) to libinit2.o(.ARM.Collect$$libinit$$00000035) for __rt_lib_init_return
    libinit.o(.ARM.Collect$$libinit$$00000000) refers (Special) to libinit2.o(.ARM.Collect$$libinit$$0000001F) for __rt_lib_init_signal_1
    libinit.o(.ARM.Collect$$libinit$$00000000) refers (Special) to libinit2.o(.ARM.Collect$$libinit$$00000027) for __rt_lib_init_stdio_1
    libinit.o(.ARM.Collect$$libinit$$00000000) refers (Special) to libinit2.o(.ARM.Collect$$libinit$$0000000E) for __rt_lib_init_user_alloc_1
    retnan.o(x$fpl$retnan) refers (Special) to usenofp.o(x$fpl$usenofp) for __I$use$fp
    retnan.o(x$fpl$retnan) refers to trapv.o(x$fpl$trapveneer) for __fpl_cmpreturn
    sys_exit.o(.text) refers (Special) to use_no_semi.o(.text) for __I$use$semihosting
    sys_exit.o(.text) refers (Special) to indicate_semi.o(.text) for __semihosting_library_function
    sys_exit_hlt.o(.text) refers (Special) to use_no_semi.o(.text) for __I$use$semihosting
    sys_exit_hlt.o(.text) refers (Special) to indicate_semi.o(.text) for __semihosting_library_function
    sys_stackheap.o(.text) refers (Special) to indicate_semi.o(.text) for __semihosting_library_function
    sys_stackheap.o(.text) refers to use_no_semi.o(.text) for __I$use$semihosting
    sys_stackheap_hlt.o(.text) refers (Special) to indicate_semi.o(.text) for __semihosting_library_function
    sys_stackheap_hlt.o(.text) refers to use_no_semi.o(.text) for __I$use$semihosting
    rtexit.o(.ARM.Collect$$rtexit$$00000000) refers (Special) to rtexit2.o(.ARM.Collect$$rtexit$$00000004) for __rt_exit_exit
    rtexit.o(.ARM.Collect$$rtexit$$00000000) refers (Special) to rtexit2.o(.ARM.Collect$$rtexit$$00000003) for __rt_exit_ls
    rtexit.o(.ARM.Collect$$rtexit$$00000000) refers (Special) to rtexit2.o(.ARM.Collect$$rtexit$$00000002) for __rt_exit_prels_1
    rtexit.o(.ARM.exidx) refers (Special) to rtexit2.o(.ARM.Collect$$rtexit$$00000004) for __rt_exit_exit
    rtexit.o(.ARM.exidx) refers (Special) to rtexit2.o(.ARM.Collect$$rtexit$$00000003) for __rt_exit_ls
    rtexit.o(.ARM.exidx) refers (Special) to rtexit2.o(.ARM.Collect$$rtexit$$00000002) for __rt_exit_prels_1
    rtexit.o(.ARM.exidx) refers to rtexit.o(.ARM.Collect$$rtexit$$00000000) for .ARM.Collect$$rtexit$$00000000
    __raise.o(.text) refers to defsig.o(CL$$defsig) for __default_signal_handler
    defsig_general.o(.text) refers to sys_wrch.o(.text) for _ttywrch
    libinit5.o(.ARM.Collect$$libinit$$0000000A) refers to libinit5.o(.ARM.Collect$$libinit$$0000271B) for __lit__00000000
    libinit5.o(.ARM.Collect$$libinit$$0000000A) refers (Weak) to init_alloc.o(.text) for _init_alloc
    libinit5.o(.ARM.Collect$$libinit$$0000002C) refers to libinit5.o(.ARM.Collect$$libinit$$0000273D) for __lit__00000002
    libinit5.o(.ARM.Collect$$libinit$$0000002C) refers to argv_veneer.o(.emb_text) for __ARM_argv_veneer
    libshutdown2.o(.ARM.Collect$$libshutdown$$0000000D) refers (Weak) to term_alloc.o(.text) for _terminate_alloc
    trapv.o(x$fpl$trapveneer) refers (Special) to usenofp.o(x$fpl$usenofp) for __I$use$fp
    sys_wrch.o(.text) refers (Special) to use_no_semi.o(.text) for __I$use$semihosting
    sys_wrch.o(.text) refers (Special) to indicate_semi.o(.text) for __semihosting_library_function
    sys_wrch_hlt.o(.text) refers (Special) to use_no_semi.o(.text) for __I$use$semihosting
    sys_wrch_hlt.o(.text) refers (Special) to indicate_semi.o(.text) for __semihosting_library_function
    rtexit2.o(.ARM.Collect$$rtexit$$00000003) refers to libshutdown.o(.ARM.Collect$$libshutdown$$00000000) for __rt_lib_shutdown
    rtexit2.o(.ARM.Collect$$rtexit$$00000004) refers to sys_exit.o(.text) for _sys_exit
    rtexit2.o(.ARM.exidx) refers to rtexit2.o(.ARM.Collect$$rtexit$$00000001) for .ARM.Collect$$rtexit$$00000001
    rtexit2.o(.ARM.exidx) refers to rtexit2.o(.ARM.Collect$$rtexit$$00000003) for .ARM.Collect$$rtexit$$00000003
    rtexit2.o(.ARM.exidx) refers to rtexit2.o(.ARM.Collect$$rtexit$$00000004) for .ARM.Collect$$rtexit$$00000004
    defsig.o(CL$$defsig) refers to defsig_rtmem_inner.o(.text) for __rt_SIGRTMEM_inner
    defsig_abrt_inner.o(.text) refers to defsig_general.o(.text) for __default_signal_display
    defsig_fpe_inner.o(.text) refers to defsig_general.o(.text) for __default_signal_display
    defsig_rtred_inner.o(.text) refers to defsig_general.o(.text) for __default_signal_display
    defsig_stak_inner.o(.text) refers to defsig_general.o(.text) for __default_signal_display
    defsig_pvfn_inner.o(.text) refers to defsig_general.o(.text) for __default_signal_display
    defsig_cppl_inner.o(.text) refers to defsig_general.o(.text) for __default_signal_display
    defsig_segv_inner.o(.text) refers to defsig_general.o(.text) for __default_signal_display
    defsig_other.o(.text) refers to defsig_general.o(.text) for __default_signal_display
    libshutdown.o(.ARM.Collect$$libshutdown$$00000000) refers (Special) to libshutdown2.o(.ARM.Collect$$libshutdown$$00000002) for __rt_lib_shutdown_cpp_1
    libshutdown.o(.ARM.Collect$$libshutdown$$00000000) refers (Special) to libshutdown2.o(.ARM.Collect$$libshutdown$$00000007) for __rt_lib_shutdown_fp_trap_1
    libshutdown.o(.ARM.Collect$$libshutdown$$00000000) refers (Special) to libshutdown2.o(.ARM.Collect$$libshutdown$$0000000F) for __rt_lib_shutdown_heap_1
    libshutdown.o(.ARM.Collect$$libshutdown$$00000000) refers (Special) to libshutdown2.o(.ARM.Collect$$libshutdown$$00000010) for __rt_lib_shutdown_return
    libshutdown.o(.ARM.Collect$$libshutdown$$00000000) refers (Special) to libshutdown2.o(.ARM.Collect$$libshutdown$$0000000A) for __rt_lib_shutdown_signal_1
    libshutdown.o(.ARM.Collect$$libshutdown$$00000000) refers (Special) to libshutdown2.o(.ARM.Collect$$libshutdown$$00000004) for __rt_lib_shutdown_stdio_1
    libshutdown.o(.ARM.Collect$$libshutdown$$00000000) refers (Special) to libshutdown2.o(.ARM.Collect$$libshutdown$$0000000C) for __rt_lib_shutdown_user_alloc_1


==============================================================================

Removing Unused input sections from the image.

    Removing main.o(.text), (0 bytes).
    Removing main.o(.ARM.exidx.text.main), (8 bytes).
    Removing main.o(.ARM.exidx.text.initialize_double_mas), (8 bytes).
    Removing main.o(.ARM.exidx.text.two_mas), (8 bytes).
    Removing main.o(.ARM.exidx.text.change), (8 bytes).
    Removing main.o(.ARM.exidx.text.change2), (8 bytes).
    Removing main.o(.ARM.exidx.text.func_pow), (8 bytes).
    Removing main.o(.ARM.exidx.text.func), (8 bytes).
    Removing main.o(.ARM.exidx.text.arithmetic_mean), (8 bytes).
    Removing main.o(.ARM.exidx.text.arithmetic_mean_pointer), (8 bytes).
    Removing main.o(.ARM.use_no_argv), (4 bytes).
    Removing startup_armcm3.o(.text), (0 bytes).
    Removing startup_armcm3.o(.ARM.exidx.text.Default_Handler), (8 bytes).
    Removing startup_armcm3.o(.ARM.exidx.text.Reset_Handler), (8 bytes).
    Removing startup_armcm3.o(.ARM.exidx.text.HardFault_Handler), (8 bytes).
    Removing system_armcm3.o(.text), (0 bytes).
    Removing system_armcm3.o(.text.SystemCoreClockUpdate), (20 bytes).
    Removing system_armcm3.o(.ARM.exidx.text.SystemCoreClockUpdate), (8 bytes).
    Removing system_armcm3.o(.ARM.exidx.text.SystemInit), (8 bytes).

19 unused section(s) (total 136 bytes) removed from the image.

==============================================================================

Image Symbol Table

    Local Symbols

    Symbol Name                              Value     Ov Type        Size  Object(Section)

    ../clib/angel/boardlib.s                 0x00000000   Number         0  boardinit1.o ABSOLUTE
    ../clib/angel/boardlib.s                 0x00000000   Number         0  boardinit2.o ABSOLUTE
    ../clib/angel/boardlib.s                 0x00000000   Number         0  boardinit3.o ABSOLUTE
    ../clib/angel/boardlib.s                 0x00000000   Number         0  boardshut.o ABSOLUTE
    ../clib/angel/handlers.s                 0x00000000   Number         0  __scatter_copy.o ABSOLUTE
    ../clib/angel/handlers.s                 0x00000000   Number         0  __scatter_zi.o ABSOLUTE
    ../clib/angel/kernel.s                   0x00000000   Number         0  __rtentry.o ABSOLUTE
    ../clib/angel/kernel.s                   0x00000000   Number         0  __rtentry2.o ABSOLUTE
    ../clib/angel/kernel.s                   0x00000000   Number         0  __rtentry4.o ABSOLUTE
    ../clib/angel/kernel.s                   0x00000000   Number         0  __rtentry7.o ABSOLUTE
    ../clib/angel/kernel.s                   0x00000000   Number         0  rtexit.o ABSOLUTE
    ../clib/angel/kernel.s                   0x00000000   Number         0  rtexit2.o ABSOLUTE
    ../clib/angel/rt.s                       0x00000000   Number         0  rt_heap_descriptor.o ABSOLUTE
    ../clib/angel/rt.s                       0x00000000   Number         0  rt_heap_descriptor_intlibspace.o ABSOLUTE
    ../clib/angel/rt.s                       0x00000000   Number         0  rt_errno_addr.o ABSOLUTE
    ../clib/angel/rt.s                       0x00000000   Number         0  rt_errno_addr_intlibspace.o ABSOLUTE
    ../clib/angel/rt.s                       0x00000000   Number         0  rt_raise.o ABSOLUTE
    ../clib/angel/scatter.s                  0x00000000   Number         0  __scatter.o ABSOLUTE
    ../clib/angel/startup.s                  0x00000000   Number         0  __main.o ABSOLUTE
    ../clib/angel/sys.s                      0x00000000   Number         0  use_no_semi.o ABSOLUTE
    ../clib/angel/sys.s                      0x00000000   Number         0  mutex_dummy.o ABSOLUTE
    ../clib/angel/sys.s                      0x00000000   Number         0  indicate_semi.o ABSOLUTE
    ../clib/angel/sys.s                      0x00000000   Number         0  libspace.o ABSOLUTE
    ../clib/angel/sys.s                      0x00000000   Number         0  sys_stackheap_outer.o ABSOLUTE
    ../clib/angel/sys.s                      0x00000000   Number         0  sys_stackheap.o ABSOLUTE
    ../clib/angel/sys.s                      0x00000000   Number         0  sys_stackheap_hlt.o ABSOLUTE
    ../clib/angel/sysapp.c                   0x00000000   Number         0  sys_time.o ABSOLUTE
    ../clib/angel/sysapp.c                   0x00000000   Number         0  sys_time_hlt.o ABSOLUTE
    ../clib/angel/sysapp.c                   0x00000000   Number         0  sys_command.o ABSOLUTE
    ../clib/angel/sysapp.c                   0x00000000   Number         0  sys_command_hlt.o ABSOLUTE
    ../clib/angel/sysapp.c                   0x00000000   Number         0  sys_exit.o ABSOLUTE
    ../clib/angel/sysapp.c                   0x00000000   Number         0  sys_exit_hlt.o ABSOLUTE
    ../clib/angel/sysapp.c                   0x00000000   Number         0  sys_wrch.o ABSOLUTE
    ../clib/angel/sysapp.c                   0x00000000   Number         0  sys_wrch_hlt.o ABSOLUTE
    ../clib/armsys.c                         0x00000000   Number         0  _get_argv.o ABSOLUTE
    ../clib/armsys.c                         0x00000000   Number         0  argv_veneer.o ABSOLUTE
    ../clib/armsys.c                         0x00000000   Number         0  argv_veneer.o ABSOLUTE
    ../clib/armsys.c                         0x00000000   Number         0  _get_argv_nomalloc.o ABSOLUTE
    ../clib/armsys.c                         0x00000000   Number         0  no_argv.o ABSOLUTE
    ../clib/fenv.c                           0x00000000   Number         0  _rserrno.o ABSOLUTE
    ../clib/heap1.c                          0x00000000   Number         0  h1_alloc.o ABSOLUTE
    ../clib/heap1.c                          0x00000000   Number         0  h1_alloc_threads.o ABSOLUTE
    ../clib/heap1.c                          0x00000000   Number         0  h1_init.o ABSOLUTE
    ../clib/heap1.c                          0x00000000   Number         0  h1_free.o ABSOLUTE
    ../clib/heap1.c                          0x00000000   Number         0  h1_init_threads.o ABSOLUTE
    ../clib/heap1.c                          0x00000000   Number         0  h1_free_threads.o ABSOLUTE
    ../clib/heap1.c                          0x00000000   Number         0  h1_extend.o ABSOLUTE
    ../clib/heap1.c                          0x00000000   Number         0  h1_extend_threads.o ABSOLUTE
    ../clib/heap1.c                          0x00000000   Number         0  h1_final.o ABSOLUTE
    ../clib/heap1.c                          0x00000000   Number         0  h1_final_threads.o ABSOLUTE
    ../clib/heap2.c                          0x00000000   Number         0  heap2.o ABSOLUTE
    ../clib/heap2.c                          0x00000000   Number         0  heap2_threads.o ABSOLUTE
    ../clib/heap2.c                          0x00000000   Number         0  fdtree.o ABSOLUTE
    ../clib/heapalloc.c                      0x00000000   Number         0  malloc.o ABSOLUTE
    ../clib/heapalloc.c                      0x00000000   Number         0  hguard.o ABSOLUTE
    ../clib/heapalloc.c                      0x00000000   Number         0  init_alloc.o ABSOLUTE
    ../clib/heapalloc.c                      0x00000000   Number         0  free.o ABSOLUTE
    ../clib/heapalloc.c                      0x00000000   Number         0  heapstubs.o ABSOLUTE
    ../clib/heapalloc.c                      0x00000000   Number         0  hrguard.o ABSOLUTE
    ../clib/heapalloc.c                      0x00000000   Number         0  term_alloc.o ABSOLUTE
    ../clib/heapaux.c                        0x00000000   Number         0  heapauxa.o ABSOLUTE
    ../clib/heapaux.c                        0x00000000   Number         0  heapauxi.o ABSOLUTE
    ../clib/libinit.s                        0x00000000   Number         0  libinit2.o ABSOLUTE
    ../clib/libinit.s                        0x00000000   Number         0  libinit.o ABSOLUTE
    ../clib/libinit.s                        0x00000000   Number         0  libinit5.o ABSOLUTE
    ../clib/libinit.s                        0x00000000   Number         0  libshutdown2.o ABSOLUTE
    ../clib/libinit.s                        0x00000000   Number         0  libshutdown.o ABSOLUTE
    ../clib/maybe.s                          0x00000000   Number         0  maybetermalloc1.o ABSOLUTE
    ../clib/maybe.s                          0x00000000   Number         0  maybetermalloc2.o ABSOLUTE
    ../clib/memcpset.s                       0x00000000   Number         0  rt_memcpy_w.o ABSOLUTE
    ../clib/signal.c                         0x00000000   Number         0  defsig_rtmem_outer.o ABSOLUTE
    ../clib/signal.c                         0x00000000   Number         0  defsig_rtmem_formal.o ABSOLUTE
    ../clib/signal.c                         0x00000000   Number         0  defsig_exit.o ABSOLUTE
    ../clib/signal.c                         0x00000000   Number         0  defsig_rtmem_inner.o ABSOLUTE
    ../clib/signal.c                         0x00000000   Number         0  __raise.o ABSOLUTE
    ../clib/signal.c                         0x00000000   Number         0  defsig_general.o ABSOLUTE
    ../clib/signal.c                         0x00000000   Number         0  defsig_abrt_inner.o ABSOLUTE
    ../clib/signal.c                         0x00000000   Number         0  defsig_fpe_inner.o ABSOLUTE
    ../clib/signal.c                         0x00000000   Number         0  defsig_rtred_inner.o ABSOLUTE
    ../clib/signal.c                         0x00000000   Number         0  defsig_stak_inner.o ABSOLUTE
    ../clib/signal.c                         0x00000000   Number         0  defsig_pvfn_inner.o ABSOLUTE
    ../clib/signal.c                         0x00000000   Number         0  defsig_cppl_inner.o ABSOLUTE
    ../clib/signal.c                         0x00000000   Number         0  defsig_segv_inner.o ABSOLUTE
    ../clib/signal.c                         0x00000000   Number         0  defsig_other.o ABSOLUTE
    ../clib/signal.s                         0x00000000   Number         0  defsig.o ABSOLUTE
    ../clib/stdlib.c                         0x00000000   Number         0  rand.o ABSOLUTE
    ../clib/stdlib.c                         0x00000000   Number         0  rand.o ABSOLUTE
    ../clib/stdlib.c                         0x00000000   Number         0  exit.o ABSOLUTE
    ../fplib/faddsub.s                       0x00000000   Number         0  faddsub_clz.o ABSOLUTE
    ../fplib/fcheck1.s                       0x00000000   Number         0  fcheck1.o ABSOLUTE
    ../fplib/fdiv.s                          0x00000000   Number         0  fdiv.o ABSOLUTE
    ../fplib/ffix.s                          0x00000000   Number         0  ffix.o ABSOLUTE
    ../fplib/fflt.s                          0x00000000   Number         0  fflt_clz.o ABSOLUTE
    ../fplib/fmul.s                          0x00000000   Number         0  fmul.o ABSOLUTE
    ../fplib/fnaninf.s                       0x00000000   Number         0  fnaninf.o ABSOLUTE
    ../fplib/fpinit.s                        0x00000000   Number         0  fpinit.o ABSOLUTE
    ../fplib/fpinit_empty.s                  0x00000000   Number         0  fpinit_empty.o ABSOLUTE
    ../fplib/fretinf.s                       0x00000000   Number         0  fretinf.o ABSOLUTE
    ../fplib/istatus.s                       0x00000000   Number         0  istatus.o ABSOLUTE
    ../fplib/retnan.s                        0x00000000   Number         0  retnan.o ABSOLUTE
    ../fplib/scalbnf.s                       0x00000000   Number         0  scalbnf.o ABSOLUTE
    ../fplib/trapv.s                         0x00000000   Number         0  trapv.o ABSOLUTE
    ../fplib/usenofp.s                       0x00000000   Number         0  usenofp.o ABSOLUTE
    ../mathlib/fpclassifyf.c                 0x00000000   Number         0  fpclassifyf.o ABSOLUTE
    ../mathlib/funder.c                      0x00000000   Number         0  funder.o ABSOLUTE
    ../mathlib/powf.c                        0x00000000   Number         0  powf.o ABSOLUTE
    __tagsym$$used.0                         0x00000000   Number         0  startup_armcm3.o(RESET)
    dc.s                                     0x00000000   Number         0  dc.o ABSOLUTE
    main.c                                   0x00000000   Number         0  main.o ABSOLUTE
    startup_ARMCM3.c                         0x00000000   Number         0  startup_armcm3.o ABSOLUTE
    system_ARMCM3.c                          0x00000000   Number         0  system_armcm3.o ABSOLUTE
    !!!main                                  0x000003c0   Section        8  __main.o(!!!main)
    !!!scatter                               0x000003c8   Section       52  __scatter.o(!!!scatter)
    !!handler_copy                           0x000003fc   Section       26  __scatter_copy.o(!!handler_copy)
    !!handler_zi                             0x00000418   Section       28  __scatter_zi.o(!!handler_zi)
    .ARM.Collect$$libinit$$00000000          0x00000434   Section        2  libinit.o(.ARM.Collect$$libinit$$00000000)
    .ARM.Collect$$libinit$$00000002          0x00000436   Section        0  libinit2.o(.ARM.Collect$$libinit$$00000002)
    .ARM.Collect$$libinit$$00000004          0x00000436   Section        0  libinit2.o(.ARM.Collect$$libinit$$00000004)
    .ARM.Collect$$libinit$$00000006          0x00000436   Section        0  libinit2.o(.ARM.Collect$$libinit$$00000006)
    .ARM.Collect$$libinit$$0000000A          0x00000436   Section        8  libinit5.o(.ARM.Collect$$libinit$$0000000A)
    .ARM.Collect$$libinit$$0000000C          0x0000043e   Section        0  libinit2.o(.ARM.Collect$$libinit$$0000000C)
    .ARM.Collect$$libinit$$0000000E          0x0000043e   Section        0  libinit2.o(.ARM.Collect$$libinit$$0000000E)
    .ARM.Collect$$libinit$$0000000F          0x0000043e   Section        4  libinit2.o(.ARM.Collect$$libinit$$0000000F)
    .ARM.Collect$$libinit$$00000010          0x00000442   Section        0  libinit2.o(.ARM.Collect$$libinit$$00000010)
    .ARM.Collect$$libinit$$00000013          0x00000442   Section        0  libinit2.o(.ARM.Collect$$libinit$$00000013)
    .ARM.Collect$$libinit$$00000015          0x00000442   Section        0  libinit2.o(.ARM.Collect$$libinit$$00000015)
    .ARM.Collect$$libinit$$00000017          0x00000442   Section        0  libinit2.o(.ARM.Collect$$libinit$$00000017)
    .ARM.Collect$$libinit$$00000019          0x00000442   Section        0  libinit2.o(.ARM.Collect$$libinit$$00000019)
    .ARM.Collect$$libinit$$0000001B          0x00000442   Section        0  libinit2.o(.ARM.Collect$$libinit$$0000001B)
    .ARM.Collect$$libinit$$0000001D          0x00000442   Section        0  libinit2.o(.ARM.Collect$$libinit$$0000001D)
    .ARM.Collect$$libinit$$0000001F          0x00000442   Section        0  libinit2.o(.ARM.Collect$$libinit$$0000001F)
    .ARM.Collect$$libinit$$00000021          0x00000442   Section        0  libinit2.o(.ARM.Collect$$libinit$$00000021)
    .ARM.Collect$$libinit$$00000023          0x00000442   Section        0  libinit2.o(.ARM.Collect$$libinit$$00000023)
    .ARM.Collect$$libinit$$00000025          0x00000442   Section        0  libinit2.o(.ARM.Collect$$libinit$$00000025)
    .ARM.Collect$$libinit$$00000027          0x00000442   Section        0  libinit2.o(.ARM.Collect$$libinit$$00000027)
    .ARM.Collect$$libinit$$0000002E          0x00000442   Section        0  libinit2.o(.ARM.Collect$$libinit$$0000002E)
    .ARM.Collect$$libinit$$00000030          0x00000442   Section        0  libinit2.o(.ARM.Collect$$libinit$$00000030)
    .ARM.Collect$$libinit$$00000032          0x00000442   Section        0  libinit2.o(.ARM.Collect$$libinit$$00000032)
    .ARM.Collect$$libinit$$00000034          0x00000442   Section        0  libinit2.o(.ARM.Collect$$libinit$$00000034)
    .ARM.Collect$$libinit$$00000035          0x00000442   Section        2  libinit2.o(.ARM.Collect$$libinit$$00000035)
    __lit__00000000                          0x00000444   Data           4  libinit5.o(.ARM.Collect$$libinit$$0000271B)
    .ARM.Collect$$libinit$$0000271B          0x00000444   Section        8  libinit5.o(.ARM.Collect$$libinit$$0000271B)
    __lit__00000001                          0x00000448   Data           4  libinit5.o(.ARM.Collect$$libinit$$0000271B)
    .ARM.Collect$$libshutdown$$00000000      0x0000044c   Section        2  libshutdown.o(.ARM.Collect$$libshutdown$$00000000)
    .ARM.Collect$$libshutdown$$00000002      0x0000044e   Section        0  libshutdown2.o(.ARM.Collect$$libshutdown$$00000002)
    .ARM.Collect$$libshutdown$$00000004      0x0000044e   Section        0  libshutdown2.o(.ARM.Collect$$libshutdown$$00000004)
    .ARM.Collect$$libshutdown$$00000007      0x0000044e   Section        0  libshutdown2.o(.ARM.Collect$$libshutdown$$00000007)
    .ARM.Collect$$libshutdown$$0000000A      0x0000044e   Section        0  libshutdown2.o(.ARM.Collect$$libshutdown$$0000000A)
    .ARM.Collect$$libshutdown$$0000000C      0x0000044e   Section        0  libshutdown2.o(.ARM.Collect$$libshutdown$$0000000C)
    .ARM.Collect$$libshutdown$$0000000F      0x0000044e   Section        0  libshutdown2.o(.ARM.Collect$$libshutdown$$0000000F)
    .ARM.Collect$$libshutdown$$00000010      0x0000044e   Section        2  libshutdown2.o(.ARM.Collect$$libshutdown$$00000010)
    .ARM.Collect$$rtentry$$00000000          0x00000450   Section        0  __rtentry.o(.ARM.Collect$$rtentry$$00000000)
    .ARM.Collect$$rtentry$$00000002          0x00000450   Section        0  __rtentry2.o(.ARM.Collect$$rtentry$$00000002)
    .ARM.Collect$$rtentry$$00000007          0x00000450   Section        4  __rtentry7.o(.ARM.Collect$$rtentry$$00000007)
    .ARM.Collect$$rtentry$$00000009          0x00000454   Section        0  __rtentry2.o(.ARM.Collect$$rtentry$$00000009)
    .ARM.Collect$$rtentry$$0000000A          0x00000454   Section        4  __rtentry2.o(.ARM.Collect$$rtentry$$0000000A)
    .ARM.Collect$$rtentry$$0000000C          0x00000458   Section        0  __rtentry2.o(.ARM.Collect$$rtentry$$0000000C)
    .ARM.Collect$$rtentry$$0000000D          0x00000458   Section        8  __rtentry2.o(.ARM.Collect$$rtentry$$0000000D)
    __lit__00000000                          0x00000460   Data           4  __rtentry7.o(.ARM.Collect$$rtentry$$00002718)
    .ARM.Collect$$rtentry$$00002718          0x00000460   Section        4  __rtentry7.o(.ARM.Collect$$rtentry$$00002718)
    .ARM.Collect$$rtexit$$00000000           0x00000464   Section        2  rtexit.o(.ARM.Collect$$rtexit$$00000000)
    .ARM.Collect$$rtexit$$00000002           0x00000466   Section        0  rtexit2.o(.ARM.Collect$$rtexit$$00000002)
    .ARM.Collect$$rtexit$$00000003           0x00000466   Section        4  rtexit2.o(.ARM.Collect$$rtexit$$00000003)
    .ARM.Collect$$rtexit$$00000004           0x0000046a   Section        6  rtexit2.o(.ARM.Collect$$rtexit$$00000004)
    .emb_text                                0x00000470   Section       52  rand.o(.emb_text)
    .text                                    0x000004a4   Section        0  sys_time.o(.text)
    .text                                    0x000004b6   Section        0  h1_alloc.o(.text)
    .text                                    0x00000514   Section        0  rand.o(.text)
    .text                                    0x00000550   Section        2  use_no_semi.o(.text)
    .text                                    0x00000552   Section        0  indicate_semi.o(.text)
    .text                                    0x00000554   Section        8  rt_heap_descriptor_intlibspace.o(.text)
    .text                                    0x0000055c   Section        0  hguard.o(.text)
    .text                                    0x00000560   Section        0  init_alloc.o(.text)
    .text                                    0x000005ea   Section        0  h1_init.o(.text)
    .text                                    0x000005f8   Section        0  h1_free.o(.text)
    .text                                    0x00000646   Section        0  _rserrno.o(.text)
    .text                                    0x0000065c   Section        8  rt_errno_addr_intlibspace.o(.text)
    .text                                    0x00000664   Section        0  maybetermalloc1.o(.text)
    .text                                    0x00000664   Section        0  h1_extend.o(.text)
    .text                                    0x00000698   Section        0  defsig_rtmem_outer.o(.text)
    .text                                    0x000006a6   Section        0  exit.o(.text)
    .text                                    0x000006b8   Section        0  defsig_exit.o(.text)
    .text                                    0x000006c4   Section        0  defsig_rtmem_inner.o(.text)
    .text                                    0x00000714   Section        0  sys_exit.o(.text)
    .text                                    0x00000720   Section        0  defsig_general.o(.text)
    .text                                    0x00000752   Section        0  sys_wrch.o(.text)
    [Anonymous Symbol]                       0x00000760   Section        0  startup_armcm3.o(.text.Default_Handler)
    [Anonymous Symbol]                       0x00000764   Section        0  startup_armcm3.o(.text.HardFault_Handler)
    [Anonymous Symbol]                       0x00000768   Section        0  startup_armcm3.o(.text.Reset_Handler)
    [Anonymous Symbol]                       0x00000770   Section        0  system_armcm3.o(.text.SystemInit)
    [Anonymous Symbol]                       0x00000798   Section        0  main.o(.text.arithmetic_mean)
    [Anonymous Symbol]                       0x000007ec   Section        0  main.o(.text.arithmetic_mean_pointer)
    [Anonymous Symbol]                       0x00000830   Section        0  main.o(.text.change)
    [Anonymous Symbol]                       0x000008f8   Section        0  main.o(.text.change2)
    [Anonymous Symbol]                       0x000009c0   Section        0  main.o(.text.func)
    [Anonymous Symbol]                       0x00000a4c   Section        0  main.o(.text.func_pow)
    [Anonymous Symbol]                       0x00000a7c   Section        0  main.o(.text.initialize_double_mas)
    [Anonymous Symbol]                       0x00000abc   Section        0  main.o(.text.main)
    [Anonymous Symbol]                       0x00000bc4   Section        0  main.o(.text.two_mas)
    i.__ARM_fpclassifyf                      0x00000c66   Section        0  fpclassifyf.o(i.__ARM_fpclassifyf)
    i.__mathlib_flt_divzero                  0x00000c8c   Section        0  funder.o(i.__mathlib_flt_divzero)
    i.__mathlib_flt_infnan2                  0x00000c96   Section        0  funder.o(i.__mathlib_flt_infnan2)
    i.__mathlib_flt_invalid                  0x00000c9a   Section        0  funder.o(i.__mathlib_flt_invalid)
    i.__mathlib_flt_overflow                 0x00000ca2   Section        0  funder.o(i.__mathlib_flt_overflow)
    i.__mathlib_flt_underflow                0x00000cac   Section        0  funder.o(i.__mathlib_flt_underflow)
    i.powf                                   0x00000cb8   Section        0  powf.o(i.powf)
    x$fpl$fadd                               0x000012d8   Section      196  faddsub_clz.o(x$fpl$fadd)
    _fadd1                                   0x000012e7   Thumb Code     0  faddsub_clz.o(x$fpl$fadd)
    x$fpl$fcheck1                            0x0000139c   Section       12  fcheck1.o(x$fpl$fcheck1)
    _fdiv1                                   0x000013a9   Thumb Code     0  fdiv.o(x$fpl$fdiv)
    x$fpl$fdiv                               0x000013a8   Section      388  fdiv.o(x$fpl$fdiv)
    x$fpl$ffixr                              0x0000152c   Section       82  ffix.o(x$fpl$ffixr)
    x$fpl$fflt                               0x00001580   Section       48  fflt_clz.o(x$fpl$fflt)
    x$fpl$fmul                               0x000015b0   Section      258  fmul.o(x$fpl$fmul)
    x$fpl$fnaninf                            0x000016b2   Section      140  fnaninf.o(x$fpl$fnaninf)
    x$fpl$fretinf                            0x0000173e   Section       10  fretinf.o(x$fpl$fretinf)
    x$fpl$frsb                               0x00001748   Section       20  faddsub_clz.o(x$fpl$frsb)
    x$fpl$fsub                               0x0000175c   Section      234  faddsub_clz.o(x$fpl$fsub)
    _fsub1                                   0x0000176b   Thumb Code     0  faddsub_clz.o(x$fpl$fsub)
    x$fpl$retnan                             0x00001846   Section      100  retnan.o(x$fpl$retnan)
    x$fpl$scalbnf                            0x000018aa   Section       76  scalbnf.o(x$fpl$scalbnf)
    x$fpl$trapveneer                         0x000018f6   Section       48  trapv.o(x$fpl$trapveneer)
    x$fpl$usenofp                            0x00001926   Section        0  usenofp.o(x$fpl$usenofp)
    table                                    0x00001928   Data         128  powf.o(.constdata)
    .constdata                               0x00001928   Section      320  powf.o(.constdata)
    powersof2to1over16top                    0x000019a8   Data          64  powf.o(.constdata)
    powersof2to1over16bot                    0x000019e8   Data          64  powf.o(.constdata)
    powersof2to1over16all                    0x00001a28   Data          64  powf.o(.constdata)
    .bss                                     0x20000004   Section      228  rand.o(.bss)
    .bss                                     0x200000e8   Section       96  libspace.o(.bss)

    Global Symbols

    Symbol Name                              Value     Ov Type        Size  Object(Section)

    BuildAttributes$$THM_ISAv4$P$D$K$B$S$PE$A:L22UL41UL21$X:L11$S22US41US21$IEEE1$IW$USESV6$~STKCKD$USESV7$~SHL$OTIME$ROPI$IEEEX$UX$STANDARDLIB$REQ8$PRES8$EABIv2 0x00000000   Number         0  anon$$obj.o ABSOLUTE
    __Vectors                                0x00000000   Data         960  startup_armcm3.o(RESET)
    __fp_init_empty                          0x00000000   Number         0  fpinit_empty.o ABSOLUTE
    Image$$ZI$$Limit                          - Undefined Weak Reference
    __ARM_exceptions_init                     - Undefined Weak Reference
    __alloca_initialize                       - Undefined Weak Reference
    __arm_preinit_                            - Undefined Weak Reference
    __arm_relocate_pie_                       - Undefined Weak Reference
    __cpp_initialize__aeabi_                  - Undefined Weak Reference
    __cxa_finalize                            - Undefined Weak Reference
    __rt_locale                               - Undefined Weak Reference
    __sigvec_lookup                           - Undefined Weak Reference
    __user_heap_extent                        - Undefined Weak Reference
    _atexit_init                              - Undefined Weak Reference
    _call_atexit_fns                          - Undefined Weak Reference
    _clock_init                               - Undefined Weak Reference
    _fp_trap_init                             - Undefined Weak Reference
    _fp_trap_shutdown                         - Undefined Weak Reference
    _get_lc_collate                           - Undefined Weak Reference
    _get_lc_ctype                             - Undefined Weak Reference
    _get_lc_monetary                          - Undefined Weak Reference
    _get_lc_numeric                           - Undefined Weak Reference
    _get_lc_time                              - Undefined Weak Reference
    _getenv_init                              - Undefined Weak Reference
    _handle_redirection                       - Undefined Weak Reference
    _initio                                   - Undefined Weak Reference
    _mutex_acquire                            - Undefined Weak Reference
    _mutex_free                               - Undefined Weak Reference
    _mutex_release                            - Undefined Weak Reference
    _signal_finish                            - Undefined Weak Reference
    _signal_init                              - Undefined Weak Reference
    _terminateio                              - Undefined Weak Reference
    __main                                   0x000003c1   Thumb Code     8  __main.o(!!!main)
    __scatterload                            0x000003c9   Thumb Code     0  __scatter.o(!!!scatter)
    __scatterload_rt2                        0x000003c9   Thumb Code    44  __scatter.o(!!!scatter)
    __scatterload_rt2_thumb_only             0x000003c9   Thumb Code     0  __scatter.o(!!!scatter)
    __scatterload_null                       0x000003d7   Thumb Code     0  __scatter.o(!!!scatter)
    __scatterload_copy                       0x000003fd   Thumb Code    26  __scatter_copy.o(!!handler_copy)
    __scatterload_zeroinit                   0x00000419   Thumb Code    28  __scatter_zi.o(!!handler_zi)
    __rt_lib_init                            0x00000435   Thumb Code     0  libinit.o(.ARM.Collect$$libinit$$00000000)
    __rt_lib_init_fp_1                       0x00000437   Thumb Code     0  libinit2.o(.ARM.Collect$$libinit$$00000002)
    __rt_lib_init_heap_2                     0x00000437   Thumb Code     0  libinit5.o(.ARM.Collect$$libinit$$0000000A)
    __rt_lib_init_preinit_1                  0x00000437   Thumb Code     0  libinit2.o(.ARM.Collect$$libinit$$00000006)
    __rt_lib_init_relocate_pie_1             0x00000437   Thumb Code     0  libinit2.o(.ARM.Collect$$libinit$$00000004)
    __rt_lib_init_heap_1                     0x0000043f   Thumb Code     0  libinit2.o(.ARM.Collect$$libinit$$0000000C)
    __rt_lib_init_rand_2                     0x0000043f   Thumb Code     0  libinit2.o(.ARM.Collect$$libinit$$0000000F)
    __rt_lib_init_user_alloc_1               0x0000043f   Thumb Code     0  libinit2.o(.ARM.Collect$$libinit$$0000000E)
    __rt_lib_init_alloca_1                   0x00000443   Thumb Code     0  libinit2.o(.ARM.Collect$$libinit$$00000030)
    __rt_lib_init_argv_1                     0x00000443   Thumb Code     0  libinit2.o(.ARM.Collect$$libinit$$0000002E)
    __rt_lib_init_atexit_1                   0x00000443   Thumb Code     0  libinit2.o(.ARM.Collect$$libinit$$0000001D)
    __rt_lib_init_clock_1                    0x00000443   Thumb Code     0  libinit2.o(.ARM.Collect$$libinit$$00000023)
    __rt_lib_init_cpp_1                      0x00000443   Thumb Code     0  libinit2.o(.ARM.Collect$$libinit$$00000034)
    __rt_lib_init_exceptions_1               0x00000443   Thumb Code     0  libinit2.o(.ARM.Collect$$libinit$$00000032)
    __rt_lib_init_fp_trap_1                  0x00000443   Thumb Code     0  libinit2.o(.ARM.Collect$$libinit$$00000021)
    __rt_lib_init_getenv_1                   0x00000443   Thumb Code     0  libinit2.o(.ARM.Collect$$libinit$$00000025)
    __rt_lib_init_lc_collate_1               0x00000443   Thumb Code     0  libinit2.o(.ARM.Collect$$libinit$$00000013)
    __rt_lib_init_lc_ctype_1                 0x00000443   Thumb Code     0  libinit2.o(.ARM.Collect$$libinit$$00000015)
    __rt_lib_init_lc_monetary_1              0x00000443   Thumb Code     0  libinit2.o(.ARM.Collect$$libinit$$00000017)
    __rt_lib_init_lc_numeric_1               0x00000443   Thumb Code     0  libinit2.o(.ARM.Collect$$libinit$$00000019)
    __rt_lib_init_lc_time_1                  0x00000443   Thumb Code     0  libinit2.o(.ARM.Collect$$libinit$$0000001B)
    __rt_lib_init_rand_1                     0x00000443   Thumb Code     0  libinit2.o(.ARM.Collect$$libinit$$00000010)
    __rt_lib_init_return                     0x00000443   Thumb Code     0  libinit2.o(.ARM.Collect$$libinit$$00000035)
    __rt_lib_init_signal_1                   0x00000443   Thumb Code     0  libinit2.o(.ARM.Collect$$libinit$$0000001F)
    __rt_lib_init_stdio_1                    0x00000443   Thumb Code     0  libinit2.o(.ARM.Collect$$libinit$$00000027)
    __rt_lib_shutdown                        0x0000044d   Thumb Code     0  libshutdown.o(.ARM.Collect$$libshutdown$$00000000)
    __rt_lib_shutdown_cpp_1                  0x0000044f   Thumb Code     0  libshutdown2.o(.ARM.Collect$$libshutdown$$00000002)
    __rt_lib_shutdown_fp_trap_1              0x0000044f   Thumb Code     0  libshutdown2.o(.ARM.Collect$$libshutdown$$00000007)
    __rt_lib_shutdown_heap_1                 0x0000044f   Thumb Code     0  libshutdown2.o(.ARM.Collect$$libshutdown$$0000000F)
    __rt_lib_shutdown_return                 0x0000044f   Thumb Code     0  libshutdown2.o(.ARM.Collect$$libshutdown$$00000010)
    __rt_lib_shutdown_signal_1               0x0000044f   Thumb Code     0  libshutdown2.o(.ARM.Collect$$libshutdown$$0000000A)
    __rt_lib_shutdown_stdio_1                0x0000044f   Thumb Code     0  libshutdown2.o(.ARM.Collect$$libshutdown$$00000004)
    __rt_lib_shutdown_user_alloc_1           0x0000044f   Thumb Code     0  libshutdown2.o(.ARM.Collect$$libshutdown$$0000000C)
    __rt_entry                               0x00000451   Thumb Code     0  __rtentry.o(.ARM.Collect$$rtentry$$00000000)
    __rt_entry_presh_1                       0x00000451   Thumb Code     0  __rtentry2.o(.ARM.Collect$$rtentry$$00000002)
    __rt_entry_sh                            0x00000451   Thumb Code     0  __rtentry7.o(.ARM.Collect$$rtentry$$00000007)
    __rt_entry_li                            0x00000455   Thumb Code     0  __rtentry2.o(.ARM.Collect$$rtentry$$0000000A)
    __rt_entry_postsh_1                      0x00000455   Thumb Code     0  __rtentry2.o(.ARM.Collect$$rtentry$$00000009)
    __rt_entry_main                          0x00000459   Thumb Code     0  __rtentry2.o(.ARM.Collect$$rtentry$$0000000D)
    __rt_entry_postli_1                      0x00000459   Thumb Code     0  __rtentry2.o(.ARM.Collect$$rtentry$$0000000C)
    __rt_exit                                0x00000465   Thumb Code     0  rtexit.o(.ARM.Collect$$rtexit$$00000000)
    __rt_exit_ls                             0x00000467   Thumb Code     0  rtexit2.o(.ARM.Collect$$rtexit$$00000003)
    __rt_exit_prels_1                        0x00000467   Thumb Code     0  rtexit2.o(.ARM.Collect$$rtexit$$00000002)
    __rt_exit_exit                           0x0000046b   Thumb Code     0  rtexit2.o(.ARM.Collect$$rtexit$$00000004)
    rand                                     0x00000471   Thumb Code    48  rand.o(.emb_text)
    time                                     0x000004a5   Thumb Code    18  sys_time.o(.text)
    malloc                                   0x000004b7   Thumb Code    94  h1_alloc.o(.text)
    srand                                    0x00000515   Thumb Code    42  rand.o(.text)
    _rand_init                               0x0000053f   Thumb Code     4  rand.o(.text)
    __I$use$semihosting                      0x00000551   Thumb Code     0  use_no_semi.o(.text)
    __use_no_semihosting_swi                 0x00000551   Thumb Code     2  use_no_semi.o(.text)
    __semihosting_library_function           0x00000553   Thumb Code     0  indicate_semi.o(.text)
    __rt_heap_descriptor                     0x00000555   Thumb Code     8  rt_heap_descriptor_intlibspace.o(.text)
    __use_no_heap                            0x0000055d   Thumb Code     2  hguard.o(.text)
    __heap$guard                             0x0000055f   Thumb Code     2  hguard.o(.text)
    _terminate_user_alloc                    0x00000561   Thumb Code     2  init_alloc.o(.text)
    _init_user_alloc                         0x00000563   Thumb Code     2  init_alloc.o(.text)
    __Heap_Full                              0x00000565   Thumb Code    34  init_alloc.o(.text)
    __Heap_Broken                            0x00000587   Thumb Code     6  init_alloc.o(.text)
    _init_alloc                              0x0000058d   Thumb Code    94  init_alloc.o(.text)
    __Heap_Initialize                        0x000005eb   Thumb Code    10  h1_init.o(.text)
    __Heap_DescSize                          0x000005f5   Thumb Code     4  h1_init.o(.text)
    free                                     0x000005f9   Thumb Code    78  h1_free.o(.text)
    __read_errno                             0x00000647   Thumb Code    10  _rserrno.o(.text)
    __set_errno                              0x00000651   Thumb Code    12  _rserrno.o(.text)
    __aeabi_errno_addr                       0x0000065d   Thumb Code     8  rt_errno_addr_intlibspace.o(.text)
    __errno$intlibspace                      0x0000065d   Thumb Code     0  rt_errno_addr_intlibspace.o(.text)
    __rt_errno_addr$intlibspace              0x0000065d   Thumb Code     0  rt_errno_addr_intlibspace.o(.text)
    __Heap_ProvideMemory                     0x00000665   Thumb Code    52  h1_extend.o(.text)
    _maybe_terminate_alloc                   0x00000665   Thumb Code     0  maybetermalloc1.o(.text)
    __rt_SIGRTMEM                            0x00000699   Thumb Code    14  defsig_rtmem_outer.o(.text)
    exit                                     0x000006a7   Thumb Code    18  exit.o(.text)
    __sig_exit                               0x000006b9   Thumb Code    10  defsig_exit.o(.text)
    __rt_SIGRTMEM_inner                      0x000006c5   Thumb Code    22  defsig_rtmem_inner.o(.text)
    _sys_exit                                0x00000715   Thumb Code     8  sys_exit.o(.text)
    __default_signal_display                 0x00000721   Thumb Code    50  defsig_general.o(.text)
    _ttywrch                                 0x00000753   Thumb Code    14  sys_wrch.o(.text)
    BusFault_Handler                         0x00000761   Thumb Code     4  startup_armcm3.o(.text.Default_Handler)
    DebugMon_Handler                         0x00000761   Thumb Code     4  startup_armcm3.o(.text.Default_Handler)
    Default_Handler                          0x00000761   Thumb Code     4  startup_armcm3.o(.text.Default_Handler)
    Interrupt0_Handler                       0x00000761   Thumb Code     4  startup_armcm3.o(.text.Default_Handler)
    Interrupt1_Handler                       0x00000761   Thumb Code     4  startup_armcm3.o(.text.Default_Handler)
    Interrupt2_Handler                       0x00000761   Thumb Code     4  startup_armcm3.o(.text.Default_Handler)
    Interrupt3_Handler                       0x00000761   Thumb Code     4  startup_armcm3.o(.text.Default_Handler)
    Interrupt4_Handler                       0x00000761   Thumb Code     4  startup_armcm3.o(.text.Default_Handler)
    Interrupt5_Handler                       0x00000761   Thumb Code     4  startup_armcm3.o(.text.Default_Handler)
    Interrupt6_Handler                       0x00000761   Thumb Code     4  startup_armcm3.o(.text.Default_Handler)
    Interrupt7_Handler                       0x00000761   Thumb Code     4  startup_armcm3.o(.text.Default_Handler)
    Interrupt8_Handler                       0x00000761   Thumb Code     4  startup_armcm3.o(.text.Default_Handler)
    Interrupt9_Handler                       0x00000761   Thumb Code     4  startup_armcm3.o(.text.Default_Handler)
    MemManage_Handler                        0x00000761   Thumb Code     4  startup_armcm3.o(.text.Default_Handler)
    NMI_Handler                              0x00000761   Thumb Code     4  startup_armcm3.o(.text.Default_Handler)
    PendSV_Handler                           0x00000761   Thumb Code     4  startup_armcm3.o(.text.Default_Handler)
    SVC_Handler                              0x00000761   Thumb Code     4  startup_armcm3.o(.text.Default_Handler)
    SysTick_Handler                          0x00000761   Thumb Code     4  startup_armcm3.o(.text.Default_Handler)
    UsageFault_Handler                       0x00000761   Thumb Code     4  startup_armcm3.o(.text.Default_Handler)
    HardFault_Handler                        0x00000765   Thumb Code     4  startup_armcm3.o(.text.HardFault_Handler)
    Reset_Handler                            0x00000769   Thumb Code     8  startup_armcm3.o(.text.Reset_Handler)
    SystemInit                               0x00000771   Thumb Code    38  system_armcm3.o(.text.SystemInit)
    arithmetic_mean                          0x00000799   Thumb Code    82  main.o(.text.arithmetic_mean)
    arithmetic_mean_pointer                  0x000007ed   Thumb Code    68  main.o(.text.arithmetic_mean_pointer)
    change                                   0x00000831   Thumb Code   198  main.o(.text.change)
    change2                                  0x000008f9   Thumb Code   200  main.o(.text.change2)
    func                                     0x000009c1   Thumb Code   140  main.o(.text.func)
    func_pow                                 0x00000a4d   Thumb Code    46  main.o(.text.func_pow)
    initialize_double_mas                    0x00000a7d   Thumb Code    64  main.o(.text.initialize_double_mas)
    main                                     0x00000abd   Thumb Code   264  main.o(.text.main)
    two_mas                                  0x00000bc5   Thumb Code   162  main.o(.text.two_mas)
    __ARM_fpclassifyf                        0x00000c67   Thumb Code    38  fpclassifyf.o(i.__ARM_fpclassifyf)
    __mathlib_flt_divzero                    0x00000c8d   Thumb Code    10  funder.o(i.__mathlib_flt_divzero)
    __mathlib_flt_infnan2                    0x00000c97   Thumb Code     4  funder.o(i.__mathlib_flt_infnan2)
    __mathlib_flt_invalid                    0x00000c9b   Thumb Code     8  funder.o(i.__mathlib_flt_invalid)
    __mathlib_flt_overflow                   0x00000ca3   Thumb Code    10  funder.o(i.__mathlib_flt_overflow)
    __mathlib_flt_underflow                  0x00000cad   Thumb Code    10  funder.o(i.__mathlib_flt_underflow)
    __mathlib_powf                           0x00000cb9   Thumb Code     0  powf.o(i.powf)
    powf                                     0x00000cb9   Thumb Code  1548  powf.o(i.powf)
    __aeabi_fadd                             0x000012d9   Thumb Code     0  faddsub_clz.o(x$fpl$fadd)
    _fadd                                    0x000012d9   Thumb Code   196  faddsub_clz.o(x$fpl$fadd)
    __fpl_fcheck_NaN1                        0x0000139d   Thumb Code     6  fcheck1.o(x$fpl$fcheck1)
    __aeabi_fdiv                             0x000013a9   Thumb Code     0  fdiv.o(x$fpl$fdiv)
    _fdiv                                    0x000013a9   Thumb Code   384  fdiv.o(x$fpl$fdiv)
    _ffix_r                                  0x0000152d   Thumb Code    82  ffix.o(x$fpl$ffixr)
    __aeabi_i2f                              0x00001581   Thumb Code     0  fflt_clz.o(x$fpl$fflt)
    _fflt                                    0x00001581   Thumb Code    48  fflt_clz.o(x$fpl$fflt)
    __aeabi_fmul                             0x000015b1   Thumb Code     0  fmul.o(x$fpl$fmul)
    _fmul                                    0x000015b1   Thumb Code   258  fmul.o(x$fpl$fmul)
    __fpl_fnaninf                            0x000016b3   Thumb Code   140  fnaninf.o(x$fpl$fnaninf)
    __fpl_fretinf                            0x0000173f   Thumb Code    10  fretinf.o(x$fpl$fretinf)
    __aeabi_frsub                            0x00001749   Thumb Code     0  faddsub_clz.o(x$fpl$frsb)
    _frsb                                    0x00001749   Thumb Code    20  faddsub_clz.o(x$fpl$frsb)
    __aeabi_fsub                             0x0000175d   Thumb Code     0  faddsub_clz.o(x$fpl$fsub)
    _fsub                                    0x0000175d   Thumb Code   234  faddsub_clz.o(x$fpl$fsub)
    __fpl_return_NaN                         0x00001847   Thumb Code   100  retnan.o(x$fpl$retnan)
    __ARM_scalbnf                            0x000018ab   Thumb Code    76  scalbnf.o(x$fpl$scalbnf)
    __fpl_cmpreturn                          0x000018f7   Thumb Code    48  trapv.o(x$fpl$trapveneer)
    __I$use$fp                               0x00001926   Number         0  usenofp.o(x$fpl$usenofp)
    Region$$Table$$Base                      0x00001a68   Number         0  anon$$obj.o(Region$$Table)
    Region$$Table$$Limit                     0x00001a88   Number         0  anon$$obj.o(Region$$Table)
    SystemCoreClock                          0x20000000   Data           4  system_armcm3.o(.data.SystemCoreClock)
    _random_number_data                      0x20000004   Data         228  rand.o(.bss)
    __libspace_start                         0x200000e8   Data          96  libspace.o(.bss)
    Image$$ARM_LIB_HEAP$$ZI$$Base            0x20000148   Number         0  anon$$obj.o ABSOLUTE
    __temporary_stack_top$libspace           0x20000148   Data           0  libspace.o(.bss)
    Image$$ARM_LIB_HEAP$$ZI$$Limit           0x20000d48   Number         0  anon$$obj.o ABSOLUTE
    Image$$ARM_LIB_STACK$$ZI$$Limit          0x20040000   Number         0  anon$$obj.o ABSOLUTE



==============================================================================

Memory Map of the image

  Image Entry point : 0x000003c1

  Load Region LR_ROM (Base: 0x00000000, Size: 0x00001a8c, Max: 0x00080000, ABSOLUTE)

    Execution Region ER_ROM (Exec base: 0x00000000, Load base: 0x00000000, Size: 0x00001a88, Max: 0x00080000, ABSOLUTE)

    Exec Addr    Load Addr    Size         Type   Attr      Idx    E Section Name        Object

    0x00000000   0x00000000   0x000003c0   Data   RO           36    RESET               startup_armcm3.o
    0x000003c0   0x000003c0   0x00000008   Code   RO          122  * !!!main             c_w.l(__main.o)
    0x000003c8   0x000003c8   0x00000034   Code   RO          417    !!!scatter          c_w.l(__scatter.o)
    0x000003fc   0x000003fc   0x0000001a   Code   RO          419    !!handler_copy      c_w.l(__scatter_copy.o)
    0x00000416   0x00000416   0x00000002   PAD
    0x00000418   0x00000418   0x0000001c   Code   RO          421    !!handler_zi        c_w.l(__scatter_zi.o)
    0x00000434   0x00000434   0x00000002   Code   RO          340    .ARM.Collect$$libinit$$00000000  c_w.l(libinit.o)
    0x00000436   0x00000436   0x00000000   Code   RO          189    .ARM.Collect$$libinit$$00000002  c_w.l(libinit2.o)
    0x00000436   0x00000436   0x00000000   Code   RO          191    .ARM.Collect$$libinit$$00000004  c_w.l(libinit2.o)
    0x00000436   0x00000436   0x00000000   Code   RO          193    .ARM.Collect$$libinit$$00000006  c_w.l(libinit2.o)
    0x00000436   0x00000436   0x00000008   Code   RO          361    .ARM.Collect$$libinit$$0000000A  c_w.l(libinit5.o)
    0x0000043e   0x0000043e   0x00000000   Code   RO          196    .ARM.Collect$$libinit$$0000000C  c_w.l(libinit2.o)
    0x0000043e   0x0000043e   0x00000000   Code   RO          198    .ARM.Collect$$libinit$$0000000E  c_w.l(libinit2.o)
    0x0000043e   0x0000043e   0x00000004   Code   RO          199    .ARM.Collect$$libinit$$0000000F  c_w.l(libinit2.o)
    0x00000442   0x00000442   0x00000000   Code   RO          200    .ARM.Collect$$libinit$$00000010  c_w.l(libinit2.o)
    0x00000442   0x00000442   0x00000000   Code   RO          203    .ARM.Collect$$libinit$$00000013  c_w.l(libinit2.o)
    0x00000442   0x00000442   0x00000000   Code   RO          205    .ARM.Collect$$libinit$$00000015  c_w.l(libinit2.o)
    0x00000442   0x00000442   0x00000000   Code   RO          207    .ARM.Collect$$libinit$$00000017  c_w.l(libinit2.o)
    0x00000442   0x00000442   0x00000000   Code   RO          209    .ARM.Collect$$libinit$$00000019  c_w.l(libinit2.o)
    0x00000442   0x00000442   0x00000000   Code   RO          211    .ARM.Collect$$libinit$$0000001B  c_w.l(libinit2.o)
    0x00000442   0x00000442   0x00000000   Code   RO          213    .ARM.Collect$$libinit$$0000001D  c_w.l(libinit2.o)
    0x00000442   0x00000442   0x00000000   Code   RO          215    .ARM.Collect$$libinit$$0000001F  c_w.l(libinit2.o)
    0x00000442   0x00000442   0x00000000   Code   RO          217    .ARM.Collect$$libinit$$00000021  c_w.l(libinit2.o)
    0x00000442   0x00000442   0x00000000   Code   RO          219    .ARM.Collect$$libinit$$00000023  c_w.l(libinit2.o)
    0x00000442   0x00000442   0x00000000   Code   RO          221    .ARM.Collect$$libinit$$00000025  c_w.l(libinit2.o)
    0x00000442   0x00000442   0x00000000   Code   RO          223    .ARM.Collect$$libinit$$00000027  c_w.l(libinit2.o)
    0x00000442   0x00000442   0x00000000   Code   RO          227    .ARM.Collect$$libinit$$0000002E  c_w.l(libinit2.o)
    0x00000442   0x00000442   0x00000000   Code   RO          229    .ARM.Collect$$libinit$$00000030  c_w.l(libinit2.o)
    0x00000442   0x00000442   0x00000000   Code   RO          231    .ARM.Collect$$libinit$$00000032  c_w.l(libinit2.o)
    0x00000442   0x00000442   0x00000000   Code   RO          233    .ARM.Collect$$libinit$$00000034  c_w.l(libinit2.o)
    0x00000442   0x00000442   0x00000002   Code   RO          234    .ARM.Collect$$libinit$$00000035  c_w.l(libinit2.o)
    0x00000444   0x00000444   0x00000008   Code   RO          362    .ARM.Collect$$libinit$$0000271B  c_w.l(libinit5.o)
    0x0000044c   0x0000044c   0x00000002   Code   RO          414    .ARM.Collect$$libshutdown$$00000000  c_w.l(libshutdown.o)
    0x0000044e   0x0000044e   0x00000000   Code   RO          366    .ARM.Collect$$libshutdown$$00000002  c_w.l(libshutdown2.o)
    0x0000044e   0x0000044e   0x00000000   Code   RO          368    .ARM.Collect$$libshutdown$$00000004  c_w.l(libshutdown2.o)
    0x0000044e   0x0000044e   0x00000000   Code   RO          371    .ARM.Collect$$libshutdown$$00000007  c_w.l(libshutdown2.o)
    0x0000044e   0x0000044e   0x00000000   Code   RO          374    .ARM.Collect$$libshutdown$$0000000A  c_w.l(libshutdown2.o)
    0x0000044e   0x0000044e   0x00000000   Code   RO          376    .ARM.Collect$$libshutdown$$0000000C  c_w.l(libshutdown2.o)
    0x0000044e   0x0000044e   0x00000000   Code   RO          379    .ARM.Collect$$libshutdown$$0000000F  c_w.l(libshutdown2.o)
    0x0000044e   0x0000044e   0x00000002   Code   RO          380    .ARM.Collect$$libshutdown$$00000010  c_w.l(libshutdown2.o)
    0x00000450   0x00000450   0x00000000   Code   RO          152    .ARM.Collect$$rtentry$$00000000  c_w.l(__rtentry.o)
    0x00000450   0x00000450   0x00000000   Code   RO          272    .ARM.Collect$$rtentry$$00000002  c_w.l(__rtentry2.o)
    0x00000450   0x00000450   0x00000004   Code   RO          286    .ARM.Collect$$rtentry$$00000007  c_w.l(__rtentry7.o)
    0x00000454   0x00000454   0x00000000   Code   RO          274    .ARM.Collect$$rtentry$$00000009  c_w.l(__rtentry2.o)
    0x00000454   0x00000454   0x00000004   Code   RO          275    .ARM.Collect$$rtentry$$0000000A  c_w.l(__rtentry2.o)
    0x00000458   0x00000458   0x00000000   Code   RO          277    .ARM.Collect$$rtentry$$0000000C  c_w.l(__rtentry2.o)
    0x00000458   0x00000458   0x00000008   Code   RO          278    .ARM.Collect$$rtentry$$0000000D  c_w.l(__rtentry2.o)
    0x00000460   0x00000460   0x00000004   Code   RO          287    .ARM.Collect$$rtentry$$00002718  c_w.l(__rtentry7.o)
    0x00000464   0x00000464   0x00000002   Code   RO          351    .ARM.Collect$$rtexit$$00000000  c_w.l(rtexit.o)
    0x00000466   0x00000466   0x00000000   Code   RO          388    .ARM.Collect$$rtexit$$00000002  c_w.l(rtexit2.o)
    0x00000466   0x00000466   0x00000004   Code   RO          389    .ARM.Collect$$rtexit$$00000003  c_w.l(rtexit2.o)
    0x0000046a   0x0000046a   0x00000006   Code   RO          390    .ARM.Collect$$rtexit$$00000004  c_w.l(rtexit2.o)
    0x00000470   0x00000470   0x00000034   Code   RO          117    .emb_text           c_w.l(rand.o)
    0x000004a4   0x000004a4   0x00000012   Code   RO           57    .text               c_w.l(sys_time.o)
    0x000004b6   0x000004b6   0x0000005e   Code   RO           63    .text               c_w.l(h1_alloc.o)
    0x00000514   0x00000514   0x0000003c   Code   RO          118    .text               c_w.l(rand.o)
    0x00000550   0x00000550   0x00000002   Code   RO          147    .text               c_w.l(use_no_semi.o)
    0x00000552   0x00000552   0x00000000   Code   RO          151    .text               c_w.l(indicate_semi.o)
    0x00000552   0x00000552   0x00000002   PAD
    0x00000554   0x00000554   0x00000008   Code   RO          156    .text               c_w.l(rt_heap_descriptor_intlibspace.o)
    0x0000055c   0x0000055c   0x00000004   Code   RO          158    .text               c_w.l(hguard.o)
    0x00000560   0x00000560   0x0000008a   Code   RO          160    .text               c_w.l(init_alloc.o)
    0x000005ea   0x000005ea   0x0000000e   Code   RO          166    .text               c_w.l(h1_init.o)
    0x000005f8   0x000005f8   0x0000004e   Code   RO          168    .text               c_w.l(h1_free.o)
    0x00000646   0x00000646   0x00000016   Code   RO          182    .text               c_w.l(_rserrno.o)
    0x0000065c   0x0000065c   0x00000008   Code   RO          294    .text               c_w.l(rt_errno_addr_intlibspace.o)
    0x00000664   0x00000664   0x00000000   Code   RO          298    .text               c_w.l(maybetermalloc1.o)
    0x00000664   0x00000664   0x00000034   Code   RO          300    .text               c_w.l(h1_extend.o)
    0x00000698   0x00000698   0x0000000e   Code   RO          304    .text               c_w.l(defsig_rtmem_outer.o)
    0x000006a6   0x000006a6   0x00000012   Code   RO          325    .text               c_w.l(exit.o)
    0x000006b8   0x000006b8   0x0000000a   Code   RO          327    .text               c_w.l(defsig_exit.o)
    0x000006c2   0x000006c2   0x00000002   PAD
    0x000006c4   0x000006c4   0x00000050   Code   RO          329    .text               c_w.l(defsig_rtmem_inner.o)
    0x00000714   0x00000714   0x0000000c   Code   RO          343    .text               c_w.l(sys_exit.o)
    0x00000720   0x00000720   0x00000032   Code   RO          359    .text               c_w.l(defsig_general.o)
    0x00000752   0x00000752   0x0000000e   Code   RO          383    .text               c_w.l(sys_wrch.o)
    0x00000760   0x00000760   0x00000004   Code   RO           30    .text.Default_Handler  startup_armcm3.o
    0x00000764   0x00000764   0x00000004   Code   RO           34    .text.HardFault_Handler  startup_armcm3.o
    0x00000768   0x00000768   0x00000008   Code   RO           32    .text.Reset_Handler  startup_armcm3.o
    0x00000770   0x00000770   0x00000026   Code   RO           46    .text.SystemInit    system_armcm3.o
    0x00000796   0x00000796   0x00000002   PAD
    0x00000798   0x00000798   0x00000052   Code   RO           18    .text.arithmetic_mean  main.o
    0x000007ea   0x000007ea   0x00000002   PAD
    0x000007ec   0x000007ec   0x00000044   Code   RO           20    .text.arithmetic_mean_pointer  main.o
    0x00000830   0x00000830   0x000000c6   Code   RO           10    .text.change        main.o
    0x000008f6   0x000008f6   0x00000002   PAD
    0x000008f8   0x000008f8   0x000000c8   Code   RO           12    .text.change2       main.o
    0x000009c0   0x000009c0   0x0000008c   Code   RO           16    .text.func          main.o
    0x00000a4c   0x00000a4c   0x0000002e   Code   RO           14    .text.func_pow      main.o
    0x00000a7a   0x00000a7a   0x00000002   PAD
    0x00000a7c   0x00000a7c   0x00000040   Code   RO            6    .text.initialize_double_mas  main.o
    0x00000abc   0x00000abc   0x00000108   Code   RO            4    .text.main          main.o
    0x00000bc4   0x00000bc4   0x000000a2   Code   RO            8    .text.two_mas       main.o
    0x00000c66   0x00000c66   0x00000026   Code   RO          248    i.__ARM_fpclassifyf  m_ws.l(fpclassifyf.o)
    0x00000c8c   0x00000c8c   0x0000000a   Code   RO          250    i.__mathlib_flt_divzero  m_ws.l(funder.o)
    0x00000c96   0x00000c96   0x00000004   Code   RO          252    i.__mathlib_flt_infnan2  m_ws.l(funder.o)
    0x00000c9a   0x00000c9a   0x00000008   Code   RO          253    i.__mathlib_flt_invalid  m_ws.l(funder.o)
    0x00000ca2   0x00000ca2   0x0000000a   Code   RO          254    i.__mathlib_flt_overflow  m_ws.l(funder.o)
    0x00000cac   0x00000cac   0x0000000a   Code   RO          256    i.__mathlib_flt_underflow  m_ws.l(funder.o)
    0x00000cb6   0x00000cb6   0x00000002   PAD
    0x00000cb8   0x00000cb8   0x00000620   Code   RO          143    i.powf              m_ws.l(powf.o)
    0x000012d8   0x000012d8   0x000000c4   Code   RO          124    x$fpl$fadd          fz_ws.l(faddsub_clz.o)
    0x0000139c   0x0000139c   0x0000000c   Code   RO          315    x$fpl$fcheck1       fz_ws.l(fcheck1.o)
    0x000013a8   0x000013a8   0x00000184   Code   RO          131    x$fpl$fdiv          fz_ws.l(fdiv.o)
    0x0000152c   0x0000152c   0x00000052   Code   RO          236    x$fpl$ffixr         fz_ws.l(ffix.o)
    0x0000157e   0x0000157e   0x00000002   PAD
    0x00001580   0x00001580   0x00000030   Code   RO          135    x$fpl$fflt          fz_ws.l(fflt_clz.o)
    0x000015b0   0x000015b0   0x00000102   Code   RO          140    x$fpl$fmul          fz_ws.l(fmul.o)
    0x000016b2   0x000016b2   0x0000008c   Code   RO          239    x$fpl$fnaninf       fz_ws.l(fnaninf.o)
    0x0000173e   0x0000173e   0x0000000a   Code   RO          241    x$fpl$fretinf       fz_ws.l(fretinf.o)
    0x00001748   0x00001748   0x00000014   Code   RO          125    x$fpl$frsb          fz_ws.l(faddsub_clz.o)
    0x0000175c   0x0000175c   0x000000ea   Code   RO          126    x$fpl$fsub          fz_ws.l(faddsub_clz.o)
    0x00001846   0x00001846   0x00000064   Code   RO          341    x$fpl$retnan        fz_ws.l(retnan.o)
    0x000018aa   0x000018aa   0x0000004c   Code   RO          245    x$fpl$scalbnf       fz_ws.l(scalbnf.o)
    0x000018f6   0x000018f6   0x00000030   Code   RO          381    x$fpl$trapveneer    fz_ws.l(trapv.o)
    0x00001926   0x00001926   0x00000000   Code   RO          247    x$fpl$usenofp       fz_ws.l(usenofp.o)
    0x00001926   0x00001926   0x00000002   PAD
    0x00001928   0x00001928   0x00000140   Data   RO          144    .constdata          m_ws.l(powf.o)
    0x00001a68   0x00001a68   0x00000020   Data   RO          416    Region$$Table       anon$$obj.o


    Execution Region RW_RAM (Exec base: 0x20000000, Load base: 0x00001a88, Size: 0x00000148, Max: 0x0003f200, ABSOLUTE)

    Exec Addr    Load Addr    Size         Type   Attr      Idx    E Section Name        Object

    0x20000000   0x00001a88   0x00000004   Data   RW           48    .data.SystemCoreClock  system_armcm3.o
    0x20000004        -       0x000000e4   Zero   RW          119    .bss                c_w.l(rand.o)
    0x200000e8        -       0x00000060   Zero   RW          269    .bss                c_w.l(libspace.o)


    Execution Region ARM_LIB_HEAP (Exec base: 0x20000148, Load base: 0x00001a8c, Size: 0x00000c00, Max: 0x00000c00, ABSOLUTE)

    Exec Addr    Load Addr    Size         Type   Attr      Idx    E Section Name        Object

    0x20000148        -       0x00000c00   Zero   RW            1    ARM_LIB_HEAP.bss    anon$$obj.o


    Execution Region ARM_LIB_STACK (Exec base: 0x2003fe00, Load base: 0x00001a8c, Size: 0x00000200, Max: 0x00000200, ABSOLUTE)

    Exec Addr    Load Addr    Size         Type   Attr      Idx    E Section Name        Object

    0x2003fe00        -       0x00000200   Zero   RW            2    ARM_LIB_STACK.bss   anon$$obj.o


==============================================================================

Image component sizes


      Code (inc. data)   RO Data    RW Data    ZI Data      Debug   Object Name

      1224          0          0          0          0       3252   main.o
        16          0        960          0          0        832   startup_armcm3.o
        38          0          0          4          0       1349   system_armcm3.o

    ----------------------------------------------------------------------
      1286          0        992          4       3584       5433   Object Totals
         0          0         32          0       3584          0   (incl. Generated)
         8          0          0          0          0          0   (incl. Padding)

    ----------------------------------------------------------------------

      Code (inc. data)   RO Data    RW Data    ZI Data      Debug   Library Member Name

         8          0          0          0          0         68   __main.o
         0          0          0          0          0          0   __rtentry.o
        12          0          0          0          0          0   __rtentry2.o
         8          4          0          0          0          0   __rtentry7.o
        52          8          0          0          0          0   __scatter.o
        26          0          0          0          0          0   __scatter_copy.o
        28          0          0          0          0          0   __scatter_zi.o
        22          0          0          0          0        100   _rserrno.o
        10          0          0          0          0         68   defsig_exit.o
        50          0          0          0          0         88   defsig_general.o
        80         58          0          0          0         76   defsig_rtmem_inner.o
        14          0          0          0          0         80   defsig_rtmem_outer.o
        18          0          0          0          0         80   exit.o
        94          0          0          0          0         80   h1_alloc.o
        52          0          0          0          0         68   h1_extend.o
        78          0          0          0          0         80   h1_free.o
        14          0          0          0          0         84   h1_init.o
         4          0          0          0          0        136   hguard.o
         0          0          0          0          0          0   indicate_semi.o
       138          0          0          0          0        168   init_alloc.o
         2          0          0          0          0          0   libinit.o
         6          0          0          0          0          0   libinit2.o
        16          8          0          0          0          0   libinit5.o
         2          0          0          0          0          0   libshutdown.o
         2          0          0          0          0          0   libshutdown2.o
         0          0          0          0         96          0   libspace.o
         0          0          0          0          0          0   maybetermalloc1.o
       112         18          0          0        228        160   rand.o
         8          4          0          0          0         68   rt_errno_addr_intlibspace.o
         8          4          0          0          0         68   rt_heap_descriptor_intlibspace.o
         2          0          0          0          0          0   rtexit.o
        10          0          0          0          0          0   rtexit2.o
        12          4          0          0          0         68   sys_exit.o
        18          0          0          0          0         76   sys_time.o
        14          0          0          0          0         76   sys_wrch.o
         2          0          0          0          0         68   use_no_semi.o
       450          8          0          0          0        236   faddsub_clz.o
        12          4          0          0          0         68   fcheck1.o
       388         76          0          0          0         96   fdiv.o
        82          4          0          0          0         84   ffix.o
        48          0          0          0          0         68   fflt_clz.o
       258          4          0          0          0         84   fmul.o
       140          4          0          0          0         84   fnaninf.o
        10          0          0          0          0         68   fretinf.o
       100          0          0          0          0         68   retnan.o
        76          0          0          0          0         68   scalbnf.o
        48          0          0          0          0         68   trapv.o
         0          0          0          0          0          0   usenofp.o
        38          0          0          0          0         68   fpclassifyf.o
        42          0          0          0          0        340   funder.o
      1568         80        320          0          0        224   powf.o

    ----------------------------------------------------------------------
      4194        288        320          0        324       3384   Library Totals
        12          0          0          0          0          0   (incl. Padding)

    ----------------------------------------------------------------------

      Code (inc. data)   RO Data    RW Data    ZI Data      Debug   Library Name

       922        108          0          0        324       1760   c_w.l
      1612        100          0          0          0        992   fz_ws.l
      1648         80        320          0          0        632   m_ws.l

    ----------------------------------------------------------------------
      4194        288        320          0        324       3384   Library Totals

    ----------------------------------------------------------------------

==============================================================================


      Code (inc. data)   RO Data    RW Data    ZI Data      Debug   

      5480        288       1312          4       3908       6953   Grand Totals
      5480        288       1312          4       3908       6953   ELF Image Totals
      5480        288       1312          4          0          0   ROM Totals

==============================================================================

    Total RO  Size (Code + RO Data)                 6792 (   6.63kB)
    Total RW  Size (RW Data + ZI Data)              3912 (   3.82kB)
    Total ROM Size (Code + RO Data + RW Data)       6796 (   6.64kB)

==============================================================================

