<html>
<body>
<pre>
<h1>µVision Build Log</h1>
<h2>Tool Versions:</h2>
IDE-Version: µVision V5.37.0.0
Copyright (C) 2022 ARM Ltd and ARM Germany GmbH. All rights reserved.
License Information: Ilya Tyurin, TPU, LIC=----
 
Tool Versions:
Toolchain:       MDK-Lite  Version: 5.37.0.0
Toolchain Path:  C:\Keil_v5\ARM\ARMCLANG\Bin
C Compiler:      ArmClang.exe V6.18
Assembler:       Armasm.exe V6.18
Linker/Locator:  ArmLink.exe V6.18
Library Manager: ArmAr.exe V6.18
Hex Converter:   FromElf.exe V6.18
CPU DLL:         SARMCM3.DLL V5.37.0.0
Dialog DLL:      DCM.DLL V1.17.5.0
Target DLL:      UL2CM3.DLL V1.164.7.0
Dialog DLL:      TCM.DLL V1.56.1.0
 
<h2>Project:</h2>
D:\distr\Keil_Projects\keil-LW5\keil-LW5.uvprojx
Project File Date:  11/29/2022

<h2>Output:</h2>
*** Using Compiler 'V6.18', folder: 'C:\Keil_v5\ARM\ARMCLANG\Bin'
Build target 'Target 1'
main.c(12): warning: incompatible integer to pointer conversion passing 'uint16_t' (aka 'unsigned short') to parameter of type 'uint16_t *' (aka 'unsigned short *'); take the address with & [-Wint-conversion]
        uint16_t result1 = bitwise_CRC(message, 1);
                                       ^~~~~~~
                                       &
main.c(5): note: passing argument to parameter 'message' here
uint16_t bitwise_CRC(uint16_t *message, size_t len);
                               ^
main.c(13): warning: incompatible integer to pointer conversion passing 'uint16_t' (aka 'unsigned short') to parameter of type 'uint16_t *' (aka 'unsigned short *'); take the address with & [-Wint-conversion]
        uint16_t result2 = tabular_CRC(message, 1);
                                       ^~~~~~~
                                       &
main.c(6): note: passing argument to parameter 'message' here
uint16_t tabular_CRC(uint16_t *message, size_t len);
                               ^
main.c(11): warning: mixing declarations and code is incompatible with standards before C99 [-Wdeclaration-after-statement]
        uint16_t message = (uint16_t)rand();
                 ^
main.c(12): warning: unused variable 'result1' [-Wunused-variable]
        uint16_t result1 = bitwise_CRC(message, 1);
                 ^
main.c(13): warning: unused variable 'result2' [-Wunused-variable]
        uint16_t result2 = tabular_CRC(message, 1);
                 ^
main.c(72): warning: implicit conversion loses integer precision: 'size_t' (aka 'unsigned int') to 'uint16_t' (aka 'unsigned short') [-Wimplicit-int-conversion]
    crc = j;
        ~ ^
main.c(69): warning: mixing declarations and code is incompatible with standards before C99 [-Wdeclaration-after-statement]
  size_t i,j;
         ^
7 warnings generated.
compiling main.c...
linking...
Program Size: Code=1548 RO-data=992 RW-data=4 ZI-data=3908  
".\Objects\keil-LW5.axf" - 0 Error(s), 7 Warning(s).

<h2>Software Packages used:</h2>

Package Vendor: ARM
                http://www.keil.com/pack/ARM.CMSIS.5.9.0.pack
                ARM.CMSIS.5.9.0
                CMSIS (Common Microcontroller Software Interface Standard)
   * Component: CORE Version: 5.6.0
   * Component: Startup Variant: C Startup Version: 2.0.3

<h2>Collection of Component include folders:</h2>
  ./RTE/_Target_1
  D:/distr/Keil/ARM/CMSIS/5.9.0/CMSIS/Core/Include
  D:/distr/Keil/ARM/CMSIS/5.9.0/Device/ARM/ARMCM3/Include

<h2>Collection of Component Files used:</h2>

   * Component: ARM::CMSIS:CORE:5.6.0

   * Component: ARM::Device:Startup:C Startup:2.0.3
      Include file:  Device/ARM/ARMCM3/Include/ARMCM3.h
      Source file:   Device/ARM/ARMCM3/Source/system_ARMCM3.c
      Source file:   Device/ARM/ARMCM3/Source/startup_ARMCM3.c
Build Time Elapsed:  00:00:00
</pre>
</body>
</html>
